This is pdfTeX, Version 3.141592653-2.6-1.40.22 (TeX Live 2022/dev/Debian) (preloaded format=pdflatex 2026.6.25)  11 AUG 2026 16:51
entering extended mode
 \write18 enabled.
 %&-line parsing enabled.
**main.tex
(./main.tex
LaTeX2e <2021-11-15> patch level 1
L3 programming layer <2022-01-21>
(/usr/share/texlive/texmf-dist/tex/latex/base/report.cls
Document Class: report 2021/10/04 v1.4n Standard LaTeX document class
(/usr/share/texlive/texmf-dist/tex/latex/base/size12.clo
File: size12.clo 2021/10/04 v1.4n Standard LaTeX file (size option)
)
\c@part=\count185
\c@chapter=\count186
\c@section=\count187
\c@subsection=\count188
\c@subsubsection=\count189
\c@paragraph=\count190
\c@subparagraph=\count191
\c@figure=\count192
\c@table=\count193
\abovecaptionskip=\skip47
\belowcaptionskip=\skip48
\bibindent=\dimen138
)
(/usr/share/texlive/texmf-dist/tex/latex/graphics/graphicx.sty
Package: graphicx 2021/09/16 v1.2d Enhanced LaTeX Graphics (DPC,SPQR)

(/usr/share/texlive/texmf-dist/tex/latex/graphics/keyval.sty
Package: keyval 2014/10/28 v1.15 key=value parser (DPC)
\KV@toks@=\toks16
)
(/usr/share/texlive/texmf-dist/tex/latex/graphics/graphics.sty
Package: graphics 2021/03/04 v1.4d Standard LaTeX Graphics (DPC,SPQR)

(/usr/share/texlive/texmf-dist/tex/latex/graphics/trig.sty
Package: trig 2021/08/11 v1.11 sin cos tan (DPC)
)
(/usr/share/texlive/texmf-dist/tex/latex/graphics-cfg/graphics.cfg
File: graphics.cfg 2016/06/04 v1.11 sample graphics configuration
)
Package graphics Info: Driver file: pdftex.def on input line 107.

(/usr/share/texlive/texmf-dist/tex/latex/graphics-def/pdftex.def
File: pdftex.def 2020/10/05 v1.2a Graphics/color driver for pdftex
))
\Gin@req@height=\dimen139
\Gin@req@width=\dimen140
)
(/usr/share/texlive/texmf-dist/tex/generic/babel/babel.sty
Package: babel 2022/01/26 3.70 The Babel package
\babel@savecnt=\count194
\U@D=\dimen141
\l@unhyphenated=\language6

(/usr/share/texlive/texmf-dist/tex/generic/babel/txtbabel.def)
\bbl@readstream=\read2
\bbl@dirlevel=\count195

(/usr/share/texlive/texmf-dist/tex/generic/babel-english/english.ldf
Language: english 2017/06/06 v3.3r English support from the babel system
Package babel Info: Hyphen rules for 'british' set to \l@english
(babel)             (\language0). Reported on input line 82.
Package babel Info: Hyphen rules for 'UKenglish' set to \l@english
(babel)             (\language0). Reported on input line 83.
Package babel Info: Hyphen rules for 'canadian' set to \l@english
(babel)             (\language0). Reported on input line 102.
Package babel Info: Hyphen rules for 'australian' set to \l@english
(babel)             (\language0). Reported on input line 105.
Package babel Info: Hyphen rules for 'newzealand' set to \l@english
(babel)             (\language0). Reported on input line 108.
))
(/usr/share/texlive/texmf-dist/tex/latex/amsmath/amsmath.sty
Package: amsmath 2021/10/15 v2.17l AMS math features
\@mathmargin=\skip49

For additional information on amsmath, use the `?' option.
(/usr/share/texlive/texmf-dist/tex/latex/amsmath/amstext.sty
Package: amstext 2021/08/26 v2.01 AMS text

(/usr/share/texlive/texmf-dist/tex/latex/amsmath/amsgen.sty
File: amsgen.sty 1999/11/30 v2.0 generic functions
\@emptytoks=\toks17
\ex@=\dimen142
))
(/usr/share/texlive/texmf-dist/tex/latex/amsmath/amsbsy.sty
Package: amsbsy 1999/11/29 v1.2d Bold Symbols
\pmbraise@=\dimen143
)
(/usr/share/texlive/texmf-dist/tex/latex/amsmath/amsopn.sty
Package: amsopn 2021/08/26 v2.02 operator names
)
\inf@bad=\count196
LaTeX Info: Redefining \frac on input line 234.
\uproot@=\count197
\leftroot@=\count198
LaTeX Info: Redefining \overline on input line 399.
\classnum@=\count199
\DOTSCASE@=\count266
LaTeX Info: Redefining \ldots on input line 496.
LaTeX Info: Redefining \dots on input line 499.
LaTeX Info: Redefining \cdots on input line 620.
\Mathstrutbox@=\box50
\strutbox@=\box51
\big@size=\dimen144
LaTeX Font Info:    Redeclaring font encoding OML on input line 743.
LaTeX Font Info:    Redeclaring font encoding OMS on input line 744.
\macc@depth=\count267
\c@MaxMatrixCols=\count268
\dotsspace@=\muskip16
\c@parentequation=\count269
\dspbrk@lvl=\count270
\tag@help=\toks18
\row@=\count271
\column@=\count272
\maxfields@=\count273
\andhelp@=\toks19
\eqnshift@=\dimen145
\alignsep@=\dimen146
\tagshift@=\dimen147
\tagwidth@=\dimen148
\totwidth@=\dimen149
\lineht@=\dimen150
\@envbody=\toks20
\multlinegap=\skip50
\multlinetaggap=\skip51
\mathdisplay@stack=\toks21
LaTeX Info: Redefining \[ on input line 2938.
LaTeX Info: Redefining \] on input line 2939.
)
(/usr/share/texlive/texmf-dist/tex/latex/amsfonts/amssymb.sty
Package: amssymb 2013/01/14 v3.01 AMS font symbols

(/usr/share/texlive/texmf-dist/tex/latex/amsfonts/amsfonts.sty
Package: amsfonts 2013/01/14 v3.01 Basic AMSFonts support
\symAMSa=\mathgroup4
\symAMSb=\mathgroup5
LaTeX Font Info:    Redeclaring math symbol \hbar on input line 98.
LaTeX Font Info:    Overwriting math alphabet `\mathfrak' in version `bold'
(Font)                  U/euf/m/n --> U/euf/b/n on input line 106.
))
(/usr/share/texlive/texmf-dist/tex/latex/enumitem/enumitem.sty
Package: enumitem 2019/06/20 v3.9 Customized lists
\labelindent=\skip52
\enit@outerparindent=\dimen151
\enit@toks=\toks22
\enit@inbox=\box52
\enit@count@id=\count274
\enitdp@description=\count275
)
(/usr/share/texlive/texmf-dist/tex/latex/was/gensymb.sty
Package: gensymb 2003/07/02 v1.0 (WaS)
)
(/usr/share/texlive/texmf-dist/tex/latex/geometry/geometry.sty
Package: geometry 2020/01/02 v5.9 Page Geometry

(/usr/share/texlive/texmf-dist/tex/generic/iftex/ifvtex.sty
Package: ifvtex 2019/10/25 v1.7 ifvtex legacy package. Use iftex instead.

(/usr/share/texlive/texmf-dist/tex/generic/iftex/iftex.sty
Package: iftex 2020/03/06 v1.0d TeX engine tests
))
\Gm@cnth=\count276
\Gm@cntv=\count277
\c@Gm@tempcnt=\count278
\Gm@bindingoffset=\dimen152
\Gm@wd@mp=\dimen153
\Gm@odd@mp=\dimen154
\Gm@even@mp=\dimen155
\Gm@layoutwidth=\dimen156
\Gm@layoutheight=\dimen157
\Gm@layouthoffset=\dimen158
\Gm@layoutvoffset=\dimen159
\Gm@dimlist=\toks23
)
(/usr/share/texlive/texmf-dist/tex/latex/setspace/setspace.sty
Package: setspace 2011/12/19 v6.7a set line spacing
)
(/usr/share/texlive/texmf-dist/tex/latex/base/textcomp.sty
Package: textcomp 2020/02/02 v2.0n Standard LaTeX package
)
(/usr/share/texlive/texmf-dist/tex/latex/float/float.sty
Package: float 2001/11/08 v1.3d Float enhancements (AL)
\c@float@type=\count279
\float@exts=\toks24
\float@box=\box53
\@float@everytoks=\toks25
\@floatcapt=\box54
)
(/usr/share/texlive/texmf-dist/tex/latex/booktabs/booktabs.sty
Package: booktabs 2020/01/12 v1.61803398 Publication quality tables
\heavyrulewidth=\dimen160
\lightrulewidth=\dimen161
\cmidrulewidth=\dimen162
\belowrulesep=\dimen163
\belowbottomsep=\dimen164
\aboverulesep=\dimen165
\abovetopsep=\dimen166
\cmidrulesep=\dimen167
\cmidrulekern=\dimen168
\defaultaddspace=\dimen169
\@cmidla=\count280
\@cmidlb=\count281
\@aboverulesep=\dimen170
\@belowrulesep=\dimen171
\@thisruleclass=\count282
\@lastruleclass=\count283
\@thisrulewidth=\dimen172
)
(/usr/share/texlive/texmf-dist/tex/latex/svg/svg.sty
Package: svg 2020/11/26 v2.02k (include SVG pictures)

(/usr/share/texlive/texmf-dist/tex/latex/koma-script/scrbase.sty
Package: scrbase 2021/11/13 v3.35 KOMA-Script package (KOMA-Script-independent 
basics and keyval usage)

(/usr/share/texlive/texmf-dist/tex/latex/koma-script/scrlfile.sty
Package: scrlfile 2021/11/13 v3.35 KOMA-Script package (file load hooks)

(/usr/share/texlive/texmf-dist/tex/latex/koma-script/scrlfile-hook.sty
Package: scrlfile-hook 2021/11/13 v3.35 KOMA-Script package (using LaTeX hooks)


(/usr/share/texlive/texmf-dist/tex/latex/koma-script/scrlogo.sty
Package: scrlogo 2021/11/13 v3.35 KOMA-Script package (logo)
)))
Applying: [2021/05/01] Usage of raw or classic option list on input line 252.
Already applied: [0000/00/00] Usage of raw or classic option list on input line
 368.
)
(/usr/share/texlive/texmf-dist/tex/generic/pdftexcmds/pdftexcmds.sty
Package: pdftexcmds 2020-06-27 v0.33 Utility functions of pdfTeX for LuaTeX (HO
)

(/usr/share/texlive/texmf-dist/tex/generic/infwarerr/infwarerr.sty
Package: infwarerr 2019/12/03 v1.5 Providing info/warning/error messages (HO)
)
(/usr/share/texlive/texmf-dist/tex/generic/ltxcmds/ltxcmds.sty
Package: ltxcmds 2020-05-10 v1.25 LaTeX kernel commands for general use (HO)
)
Package pdftexcmds Info: \pdf@primitive is available.
Package pdftexcmds Info: \pdf@ifprimitive is available.
Package pdftexcmds Info: \pdfdraftmode found.
)
(/usr/share/texlive/texmf-dist/tex/latex/trimspaces/trimspaces.sty
Package: trimspaces 2009/09/17 v1.1 Trim spaces around a token list
)
(/usr/share/texlive/texmf-dist/tex/latex/tools/shellesc.sty
Package: shellesc 2019/11/08 v1.0c unified shell escape interface for LaTeX
Package shellesc Info: Unrestricted shell escape enabled on input line 75.
)
(/usr/share/texlive/texmf-dist/tex/latex/ifplatform/ifplatform.sty
Package: ifplatform 2017/10/13 v0.4a Testing for the operating system

(/usr/share/texlive/texmf-dist/tex/generic/catchfile/catchfile.sty
Package: catchfile 2019/12/09 v1.8 Catch the contents of a file (HO)

(/usr/share/texlive/texmf-dist/tex/generic/etexcmds/etexcmds.sty
Package: etexcmds 2019/12/15 v1.7 Avoid name clashes with e-TeX commands (HO)
))
(/usr/share/texlive/texmf-dist/tex/generic/iftex/ifluatex.sty
Package: ifluatex 2019/10/25 v1.5 ifluatex legacy package. Use iftex instead.
)
runsystem(uname -s > "main.w18")...executed.

 (./main.w18)
runsystem(rm -- "main.w18")...executed.

)
\c@svg@param@lastpage=\count284
\svg@box=\box55
\c@svg@param@currpage=\count285
)
(/usr/share/texlive/texmf-dist/tex/latex/xcolor/xcolor.sty
Package: xcolor 2021/10/31 v2.13 LaTeX color extensions (UK)

(/usr/share/texlive/texmf-dist/tex/latex/graphics-cfg/color.cfg
File: color.cfg 2016/01/02 v1.6 sample color configuration
)
Package xcolor Info: Driver file: pdftex.def on input line 227.
Package xcolor Info: Model `cmy' substituted by `cmy0' on input line 1352.
Package xcolor Info: Model `hsb' substituted by `rgb' on input line 1356.
Package xcolor Info: Model `RGB' extended on input line 1368.
Package xcolor Info: Model `HTML' substituted by `rgb' on input line 1370.
Package xcolor Info: Model `Hsb' substituted by `hsb' on input line 1371.
Package xcolor Info: Model `tHsb' substituted by `hsb' on input line 1372.
Package xcolor Info: Model `HSB' substituted by `hsb' on input line 1373.
Package xcolor Info: Model `Gray' substituted by `gray' on input line 1374.
Package xcolor Info: Model `wave' substituted by `hsb' on input line 1375.
)
(/usr/share/texlive/texmf-dist/tex/latex/transparent/transparent.sty
Package: transparent 2019/11/29 v1.4 Transparency via pdfTeX's color stack (HO)


(/usr/share/texlive/texmf-dist/tex/latex/auxhook/auxhook.sty
Package: auxhook 2019-12-17 v1.6 Hooks for auxiliary files (HO)
))
(/usr/share/texlive/texmf-dist/tex/latex/pgf/systemlayer/pgfsys.sty
(/usr/share/texlive/texmf-dist/tex/latex/pgf/utilities/pgfrcs.sty
(/usr/share/texlive/texmf-dist/tex/generic/pgf/utilities/pgfutil-common.tex
\pgfutil@everybye=\toks26
\pgfutil@tempdima=\dimen173
\pgfutil@tempdimb=\dimen174

(/usr/share/texlive/texmf-dist/tex/generic/pgf/utilities/pgfutil-common-lists.t
ex)) (/usr/share/texlive/texmf-dist/tex/generic/pgf/utilities/pgfutil-latex.def
\pgfutil@abb=\box56
) (/usr/share/texlive/texmf-dist/tex/generic/pgf/utilities/pgfrcs.code.tex
(/usr/share/texlive/texmf-dist/tex/generic/pgf/pgf.revision.tex)
Package: pgfrcs 2021/05/15 v3.1.9a (3.1.9a)
))
(/usr/share/texlive/texmf-dist/tex/generic/pgf/systemlayer/pgfsys.code.tex
Package: pgfsys 2021/05/15 v3.1.9a (3.1.9a)

(/usr/share/texlive/texmf-dist/tex/generic/pgf/utilities/pgfkeys.code.tex
\pgfkeys@pathtoks=\toks27
\pgfkeys@temptoks=\toks28

(/usr/share/texlive/texmf-dist/tex/generic/pgf/utilities/pgfkeysfiltered.code.t
ex
\pgfkeys@tmptoks=\toks29
))
\pgf@x=\dimen175
\pgf@y=\dimen176
\pgf@xa=\dimen177
\pgf@ya=\dimen178
\pgf@xb=\dimen179
\pgf@yb=\dimen180
\pgf@xc=\dimen181
\pgf@yc=\dimen182
\pgf@xd=\dimen183
\pgf@yd=\dimen184
\w@pgf@writea=\write3
\r@pgf@reada=\read3
\c@pgf@counta=\count286
\c@pgf@countb=\count287
\c@pgf@countc=\count288
\c@pgf@countd=\count289
\t@pgf@toka=\toks30
\t@pgf@tokb=\toks31
\t@pgf@tokc=\toks32
\pgf@sys@id@count=\count290
 (/usr/share/texlive/texmf-dist/tex/generic/pgf/systemlayer/pgf.cfg
File: pgf.cfg 2021/05/15 v3.1.9a (3.1.9a)
)
Driver file for pgf: pgfsys-pdftex.def

(/usr/share/texlive/texmf-dist/tex/generic/pgf/systemlayer/pgfsys-pdftex.def
File: pgfsys-pdftex.def 2021/05/15 v3.1.9a (3.1.9a)

(/usr/share/texlive/texmf-dist/tex/generic/pgf/systemlayer/pgfsys-common-pdf.de
f
File: pgfsys-common-pdf.def 2021/05/15 v3.1.9a (3.1.9a)
)))
(/usr/share/texlive/texmf-dist/tex/generic/pgf/systemlayer/pgfsyssoftpath.code.
tex
File: pgfsyssoftpath.code.tex 2021/05/15 v3.1.9a (3.1.9a)
\pgfsyssoftpath@smallbuffer@items=\count291
\pgfsyssoftpath@bigbuffer@items=\count292
)
(/usr/share/texlive/texmf-dist/tex/generic/pgf/systemlayer/pgfsysprotocol.code.
tex
File: pgfsysprotocol.code.tex 2021/05/15 v3.1.9a (3.1.9a)
)) (/usr/share/texlive/texmf-dist/tex/latex/hyperref/hyperref.sty
Package: hyperref 2021-06-07 v7.00m Hypertext links for LaTeX

(/usr/share/texlive/texmf-dist/tex/generic/kvsetkeys/kvsetkeys.sty
Package: kvsetkeys 2019/12/15 v1.18 Key value parser (HO)
)
(/usr/share/texlive/texmf-dist/tex/generic/kvdefinekeys/kvdefinekeys.sty
Package: kvdefinekeys 2019-12-19 v1.6 Define keys (HO)
)
(/usr/share/texlive/texmf-dist/tex/generic/pdfescape/pdfescape.sty
Package: pdfescape 2019/12/09 v1.15 Implements pdfTeX's escape features (HO)
)
(/usr/share/texlive/texmf-dist/tex/latex/hycolor/hycolor.sty
Package: hycolor 2020-01-27 v1.10 Color options for hyperref/bookmark (HO)
)
(/usr/share/texlive/texmf-dist/tex/latex/letltxmacro/letltxmacro.sty
Package: letltxmacro 2019/12/03 v1.6 Let assignment for LaTeX macros (HO)
)
(/usr/share/texlive/texmf-dist/tex/latex/kvoptions/kvoptions.sty
Package: kvoptions 2020-10-07 v3.14 Key value format for package options (HO)
)
\@linkdim=\dimen185
\Hy@linkcounter=\count293
\Hy@pagecounter=\count294

(/usr/share/texlive/texmf-dist/tex/latex/hyperref/pd1enc.def
File: pd1enc.def 2021-06-07 v7.00m Hyperref: PDFDocEncoding definition (HO)
Now handling font encoding PD1 ...
... no UTF-8 mapping file for font encoding PD1
)
(/usr/share/texlive/texmf-dist/tex/latex/hyperref/hyperref-langpatches.def
File: hyperref-langpatches.def 2021-06-07 v7.00m Hyperref: patches for babel la
nguages
)
(/usr/share/texlive/texmf-dist/tex/generic/intcalc/intcalc.sty
Package: intcalc 2019/12/15 v1.3 Expandable calculations with integers (HO)
)
\Hy@SavedSpaceFactor=\count295

(/usr/share/texlive/texmf-dist/tex/latex/hyperref/puenc.def
File: puenc.def 2021-06-07 v7.00m Hyperref: PDF Unicode definition (HO)
Now handling font encoding PU ...
... no UTF-8 mapping file for font encoding PU
)
Package hyperref Info: Hyper figures OFF on input line 4192.
Package hyperref Info: Link nesting OFF on input line 4197.
Package hyperref Info: Hyper index ON on input line 4200.
Package hyperref Info: Plain pages OFF on input line 4207.
Package hyperref Info: Backreferencing OFF on input line 4212.
Package hyperref Info: Implicit mode ON; LaTeX internals redefined.
Package hyperref Info: Bookmarks ON on input line 4445.
\c@Hy@tempcnt=\count296

(/usr/share/texlive/texmf-dist/tex/latex/url/url.sty
\Urlmuskip=\muskip17
Package: url 2013/09/16  ver 3.4  Verb mode for urls, etc.
)
LaTeX Info: Redefining \url on input line 4804.
\XeTeXLinkMargin=\dimen186

(/usr/share/texlive/texmf-dist/tex/generic/bitset/bitset.sty
Package: bitset 2019/12/09 v1.3 Handle bit-vector datatype (HO)

(/usr/share/texlive/texmf-dist/tex/generic/bigintcalc/bigintcalc.sty
Package: bigintcalc 2019/12/15 v1.5 Expandable calculations on big integers (HO
)
))
\Fld@menulength=\count297
\Field@Width=\dimen187
\Fld@charsize=\dimen188
Package hyperref Info: Hyper figures OFF on input line 6076.
Package hyperref Info: Link nesting OFF on input line 6081.
Package hyperref Info: Hyper index ON on input line 6084.
Package hyperref Info: backreferencing OFF on input line 6091.
Package hyperref Info: Link coloring OFF on input line 6096.
Package hyperref Info: Link coloring with OCG OFF on input line 6101.
Package hyperref Info: PDF/A mode OFF on input line 6106.
LaTeX Info: Redefining \ref on input line 6146.
LaTeX Info: Redefining \pageref on input line 6150.

(/usr/share/texlive/texmf-dist/tex/latex/base/atbegshi-ltx.sty
Package: atbegshi-ltx 2021/01/10 v1.0c Emulation of the original atbegshi
package with kernel methods
)
\Hy@abspage=\count298
\c@Item=\count299
\c@Hfootnote=\count300
)
Package hyperref Info: Driver (autodetected): hpdftex.

(/usr/share/texlive/texmf-dist/tex/latex/hyperref/hpdftex.def
File: hpdftex.def 2021-06-07 v7.00m Hyperref driver for pdfTeX

(/usr/share/texlive/texmf-dist/tex/latex/base/atveryend-ltx.sty
Package: atveryend-ltx 2020/08/19 v1.0a Emulation of the original atveryend pac
kage
with kernel methods
)
\Fld@listcount=\count301
\c@bookmark@seq@number=\count302

(/usr/share/texlive/texmf-dist/tex/latex/rerunfilecheck/rerunfilecheck.sty
Package: rerunfilecheck 2019/12/05 v1.9 Rerun checks for auxiliary files (HO)

(/usr/share/texlive/texmf-dist/tex/generic/uniquecounter/uniquecounter.sty
Package: uniquecounter 2019/12/15 v1.4 Provide unlimited unique counter (HO)
)
Package uniquecounter Info: New unique counter `rerunfilecheck' on input line 2
86.
)
\Hy@SectionHShift=\skip53
)
(/usr/share/texlive/texmf-dist/tex/latex/parskip/parskip.sty
Package: parskip 2021-03-14 v2.0h non-zero parskip adjustments

(/usr/share/texlive/texmf-dist/tex/latex/etoolbox/etoolbox.sty
Package: etoolbox 2020/10/05 v2.5k e-TeX tools for LaTeX (JAW)
\etb@tempcnta=\count303
))
(/usr/share/texlive/texmf-dist/tex/latex/subfiles/subfiles.sty
Package: subfiles 2020/11/14 v2.2 Multi-file projects (package)

(/usr/share/texlive/texmf-dist/tex/latex/import/import.sty
Package: import 2020/04/01  v 6.2
))
(/usr/share/texlive/texmf-dist/tex/latex/fancyhdr/fancyhdr.sty
Package: fancyhdr 2021/01/28 v4.0.1 Extensive control of page headers and foote
rs
\f@nch@headwidth=\skip54
\f@nch@O@elh=\skip55
\f@nch@O@erh=\skip56
\f@nch@O@olh=\skip57
\f@nch@O@orh=\skip58
\f@nch@O@elf=\skip59
\f@nch@O@erf=\skip60
\f@nch@O@olf=\skip61
\f@nch@O@orf=\skip62
)
(/usr/share/texlive/texmf-dist/tex/latex/natbib/natbib.sty
Package: natbib 2010/09/13 8.31b (PWD, AO)
\bibhang=\skip63
\bibsep=\skip64
LaTeX Info: Redefining \cite on input line 694.
\c@NAT@ctr=\count304
)
(/usr/share/texlive/texmf-dist/tex/latex/l3backend/l3backend-pdftex.def
File: l3backend-pdftex.def 2022-01-12 L3 backend support: PDF output (pdfTeX)
\l__color_backend_stack_int=\count305
\l__pdf_internal_box=\box57
)
(./main.aux)
\openout1 = `main.aux'.

LaTeX Font Info:    Checking defaults for OML/cmm/m/it on input line 35.
LaTeX Font Info:    ... okay on input line 35.
LaTeX Font Info:    Checking defaults for OMS/cmsy/m/n on input line 35.
LaTeX Font Info:    ... okay on input line 35.
LaTeX Font Info:    Checking defaults for OT1/cmr/m/n on input line 35.
LaTeX Font Info:    ... okay on input line 35.
LaTeX Font Info:    Checking defaults for T1/cmr/m/n on input line 35.
LaTeX Font Info:    ... okay on input line 35.
LaTeX Font Info:    Checking defaults for TS1/cmr/m/n on input line 35.
LaTeX Font Info:    ... okay on input line 35.
LaTeX Font Info:    Checking defaults for OMX/cmex/m/n on input line 35.
LaTeX Font Info:    ... okay on input line 35.
LaTeX Font Info:    Checking defaults for U/cmr/m/n on input line 35.
LaTeX Font Info:    ... okay on input line 35.
LaTeX Font Info:    Checking defaults for PD1/pdf/m/n on input line 35.
LaTeX Font Info:    ... okay on input line 35.
LaTeX Font Info:    Checking defaults for PU/pdf/m/n on input line 35.
LaTeX Font Info:    ... okay on input line 35.
 (/usr/share/texlive/texmf-dist/tex/context/base/mkii/supp-pdf.mkii
[Loading MPS to PDF converter (version 2006.09.02).]
\scratchcounter=\count306
\scratchdimen=\dimen189
\scratchbox=\box58
\nofMPsegments=\count307
\nofMParguments=\count308
\everyMPshowfont=\toks33
\MPscratchCnt=\count309
\MPscratchDim=\dimen190
\MPnumerator=\count310
\makeMPintoPDFobject=\count311
\everyMPtoPDFconversion=\toks34
) (/usr/share/texlive/texmf-dist/tex/latex/epstopdf-pkg/epstopdf-base.sty
Package: epstopdf-base 2020-01-24 v2.11 Base part for package epstopdf
Package epstopdf-base Info: Redefining graphics rule for `.eps' on input line 4
85.

(/usr/share/texlive/texmf-dist/tex/latex/latexconfig/epstopdf-sys.cfg
File: epstopdf-sys.cfg 2010/07/13 v1.3 Configuration of (r)epstopdf for TeX Liv
e
))
\symgns@font=\mathgroup6
LaTeX Font Info:    Overwriting symbol font `gns@font' in version `bold'
(Font)                  TS1/cmr/m/n --> TS1/cmr/b/n on input line 35.
Package gensymb Info: Math companion symbols declared on input line 35.
LaTeX Info: Redefining \degree on input line 35.
LaTeX Info: Redefining \celsius on input line 35.
Package gensymb Info: Using text companion symbols for \degree, \celsius and \p
erthousand on input line 35.
LaTeX Info: Redefining \ohm on input line 35.
Package gensymb Info: Using \textohm for \ohm on input line 35.
Package gensymb Info: Using \textmu for \micro on input line 35.

*geometry* driver: auto-detecting
*geometry* detected driver: pdftex
*geometry* verbose mode - [ preamble ] result:
* driver: pdftex
* paper: a4paper
* layout: <same size as paper>
* layoutoffset:(h,v)=(0.0pt,0.0pt)
* modes: 
* h-part:(L,W,R)=(71.13188pt, 455.24411pt, 71.13188pt)
* v-part:(T,H,B)=(56.9055pt, 731.23584pt, 56.9055pt)
* \paperwidth=597.50787pt
* \paperheight=845.04684pt
* \textwidth=455.24411pt
* \textheight=731.23584pt
* \oddsidemargin=-1.1381pt
* \evensidemargin=-1.1381pt
* \topmargin=-52.36449pt
* \headheight=12.0pt
* \headsep=25.0pt
* \topskip=12.0pt
* \footskip=30.0pt
* \marginparwidth=44.0pt
* \marginparsep=10.0pt
* \columnsep=10.0pt
* \skip\footins=10.8pt plus 4.0pt minus 2.0pt
* \hoffset=0.0pt
* \voffset=0.0pt
* \mag=1000
* \@twocolumnfalse
* \@twosidefalse
* \@mparswitchfalse
* \@reversemarginfalse
* (1in=72.27pt=25.4mm, 1cm=28.453pt)

Package hyperref Info: Link coloring OFF on input line 35.
(/usr/share/texlive/texmf-dist/tex/latex/hyperref/nameref.sty
Package: nameref 2021-04-02 v2.47 Cross-referencing by name of section

(/usr/share/texlive/texmf-dist/tex/latex/refcount/refcount.sty
Package: refcount 2019/12/15 v3.6 Data extraction from label references (HO)
)
(/usr/share/texlive/texmf-dist/tex/generic/gettitlestring/gettitlestring.sty
Package: gettitlestring 2019/12/15 v1.6 Cleanup title references (HO)
)
\c@section@level=\count312
)
LaTeX Info: Redefining \ref on input line 35.
LaTeX Info: Redefining \pageref on input line 35.
LaTeX Info: Redefining \nameref on input line 35.

(./main.out) (./main.out)
\@outlinefile=\write4
\openout4 = `main.out'.

<USAL-Logo.jpg, id=131, 3854.4pt x 2168.1pt>
File: USAL-Logo.jpg Graphic file (type jpg)
<use USAL-Logo.jpg>
Package pdftex.def Info: USAL-Logo.jpg  used on input line 46.
(pdftex.def)             Requested size: 273.14923pt x 153.63512pt.
 [1

{/var/lib/texmf/fonts/map/pdftex/updmap/pdftex.map} <./USAL-Logo.jpg>]
File: USAL-Logo.jpg Graphic file (type jpg)
<use USAL-Logo.jpg>
Package pdftex.def Info: USAL-Logo.jpg  used on input line 80.
(pdftex.def)             Requested size: 273.14923pt x 153.63512pt.
pdfTeX warning (ext4): destination with the same identifier (name{page.1}) has 
been already used, duplicate ignored
<to be read again> 
                   \relax 
l.108 \end{titlepage}
                      [1] (./01-resumen.tex
LaTeX Font Info:    Trying to load font information for U+msa on input line 3.

(/usr/share/texlive/texmf-dist/tex/latex/amsfonts/umsa.fd
File: umsa.fd 2013/01/14 v3.01 AMS symbols A
)
LaTeX Font Info:    Trying to load font information for U+msb on input line 3.

(/usr/share/texlive/texmf-dist/tex/latex/amsfonts/umsb.fd
File: umsb.fd 2013/01/14 v3.01 AMS symbols B
))pdfTeX warning (ext4): destination with the same identifier (name{page.1}) ha
s been already used, duplicate ignored
<to be read again> 
                   \relax 
l.112 \newpage
               [1] (./main.toc)
\tf@toc=\write5
\openout5 = `main.toc'.

 [2

] (./02-introduccion.tex
Chapter 1.
pdfTeX warning (ext4): destination with the same identifier (name{page.1}) has 
been already used, duplicate ignored
<to be read again> 
                   \relax 
l.18 
      [1

]) (./03-teoria.texpdfTeX warning (ext4): destination with the same identifier 
(name{page.2}) has been already used, duplicate ignored
<to be read again> 
                   \relax 
l.1 \chapter
            {Theoretical background} \label{chap:teoria} [2]
Chapter 2.
<fotos/2D_ising_model_on_lattice.svg.png, id=225, 878.53218pt x 369.63094pt>
File: fotos/2D_ising_model_on_lattice.svg.png Graphic file (type png)
<use fotos/2D_ising_model_on_lattice.svg.png>
Package pdftex.def Info: fotos/2D_ising_model_on_lattice.svg.png  used on input
 line 14.
(pdftex.def)             Requested size: 318.66948pt x 134.0766pt.
[3

] [4 <./fotos/2D_ising_model_on_lattice.svg.png>] [5] [6]) (./04-metodos.tex
[7]
Chapter 3.

LaTeX Warning: Reference `eq:hamiltonian' on page 8 undefined on input line 5.

[8

] [9] [10] [11] [12]) (./05-resultados.tex [13]
Chapter 4.
Package svg Info: Last page of `./svg-inkscape/c_svg-tex.pdf' is 1 on input lin
e 10.
(./svg-inkscape/c_svg-tex.pdf_tex
<./svg-inkscape/c_svg-tex.pdf, id=349, page=1, 493.14708pt x 707.53519pt>
File: ./svg-inkscape/c_svg-tex.pdf Graphic file (type pdf)
<use ./svg-inkscape/c_svg-tex.pdf, page 1>
Package pdftex.def Info: ./svg-inkscape/c_svg-tex.pdf , page1 used on input lin
e 56.
(pdftex.def)             Requested size: 455.24411pt x 653.17506pt.
)
Underfull \hbox (badness 1755) in paragraph at lines 11--11
[]\OT1/cmr/m/n/12 Figure 4.1: []Heat ca-pac-ity vs tem-per-a-ture for the three
 al-go-rithms and $\OML/cmm/m/it/12 L \OMS/cmsy/m/n/12 2
 []

Package svg Info: Last page of `./svg-inkscape/m_svg-tex.pdf' is 1 on input lin
e 16.
(./svg-inkscape/m_svg-tex.pdf_tex
<./svg-inkscape/m_svg-tex.pdf, id=351, page=1, 490.76443pt x 707.53519pt>
File: ./svg-inkscape/m_svg-tex.pdf Graphic file (type pdf)
<use ./svg-inkscape/m_svg-tex.pdf, page 1>
Package pdftex.def Info: ./svg-inkscape/m_svg-tex.pdf , page1 used on input lin
e 56.
(pdftex.def)             Requested size: 455.24411pt x 656.33832pt.
)
Package svg Info: Last page of `./svg-inkscape/fss_binder_svg-tex.pdf' is 1 on 
input line 33.
 (./svg-inkscape/fss_binder_svg-tex.pdf_tex
<./svg-inkscape/fss_binder_svg-tex.pdf, id=354, page=1, 497.97983pt x 707.73595
pt>
File: ./svg-inkscape/fss_binder_svg-tex.pdf Graphic file (type pdf)
<use ./svg-inkscape/fss_binder_svg-tex.pdf, page 1>
Package pdftex.def Info: ./svg-inkscape/fss_binder_svg-tex.pdf , page1 used on 
input line 56.
(pdftex.def)             Requested size: 455.24411pt x 647.01048pt.
)
[14

] [15 <./svg-inkscape/c_svg-tex.pdf>] [16 <./svg-inkscape/m_svg-tex.pdf>]
[17 <./svg-inkscape/fss_binder_svg-tex.pdf>]
Package svg Info: Last page of `./svg-inkscape/extrp_lin_svg-tex.pdf' is 1 on i
nput line 42.

(./svg-inkscape/extrp_lin_svg-tex.pdf_tex
<./svg-inkscape/extrp_lin_svg-tex.pdf, id=1056, page=1, 997.51859pt x 272.18301
pt>
File: ./svg-inkscape/extrp_lin_svg-tex.pdf Graphic file (type pdf)
<use ./svg-inkscape/extrp_lin_svg-tex.pdf, page 1>
Package pdftex.def Info: ./svg-inkscape/extrp_lin_svg-tex.pdf , page1 used on i
nput line 56.
(pdftex.def)             Requested size: 455.24411pt x 124.21724pt.
)
Package svg Info: Last page of `./svg-inkscape/suscept_svg-tex.pdf' is 1 on inp
ut line 55.

(./svg-inkscape/suscept_svg-tex.pdf_tex
<./svg-inkscape/suscept_svg-tex.pdf, id=1059, page=1, 493.1502pt x 707.73595pt>

File: ./svg-inkscape/suscept_svg-tex.pdf Graphic file (type pdf)
<use ./svg-inkscape/suscept_svg-tex.pdf, page 1>
Package pdftex.def Info: ./svg-inkscape/suscept_svg-tex.pdf , page1 used on inp
ut line 56.
(pdftex.def)             Requested size: 455.24411pt x 653.3604pt.
)
Underfull \hbox (badness 1158) in paragraph at lines 56--56
[]\OT1/cmr/m/n/12 Figure 4.5: []Magnetic sus-cep-ti-bil-ity $\OML/cmm/m/it/12 ^
^_$ \OT1/cmr/m/n/12 vs $\OML/cmm/m/it/12 T$ \OT1/cmr/m/n/12 for the three al-go
-rithms and $\OML/cmm/m/it/12 L \OMS/cmsy/m/n/12 2
 []

Package svg Info: Last page of `./svg-inkscape/chi_scaling_svg-tex.pdf' is 1 on
 input line 64.
(./svg-inkscape/chi_scaling_svg-tex.pdf_tex
<./svg-inkscape/chi_scaling_svg-tex.pdf, id=1061, page=1, 998.43118pt x 274.115
98pt>
File: ./svg-inkscape/chi_scaling_svg-tex.pdf Graphic file (type pdf)
<use ./svg-inkscape/chi_scaling_svg-tex.pdf, page 1>
Package pdftex.def Info: ./svg-inkscape/chi_scaling_svg-tex.pdf , page1 used on
 input line 56.
(pdftex.def)             Requested size: 455.24411pt x 124.98647pt.
)
Package svg Info: Last page of `./svg-inkscape/suscept_fss_svg-tex.pdf' is 1 on
 input line 75.

(./svg-inkscape/suscept_fss_svg-tex.pdf_tex
<./svg-inkscape/suscept_fss_svg-tex.pdf, id=1064, page=1, 490.48262pt x 701.671
5pt>
File: ./svg-inkscape/suscept_fss_svg-tex.pdf Graphic file (type pdf)
<use ./svg-inkscape/suscept_fss_svg-tex.pdf, page 1>
Package pdftex.def Info: ./svg-inkscape/suscept_fss_svg-tex.pdf , page1 used on
 input line 56.
(pdftex.def)             Requested size: 455.24411pt x 651.27367pt.
) [18 <./svg-inkscape/extrp_lin_svg-tex.pdf>] [19 <./svg-inkscape/suscept_svg-t
ex.pdf>]
Package svg Info: Last page of `./svg-inkscape/xi_vs_T_svg-tex.pdf' is 1 on inp
ut line 90.

(./svg-inkscape/xi_vs_T_svg-tex.pdf_tex
<./svg-inkscape/xi_vs_T_svg-tex.pdf, id=1454, page=1, 499.8308pt x 707.53519pt>

File: ./svg-inkscape/xi_vs_T_svg-tex.pdf Graphic file (type pdf)
<use ./svg-inkscape/xi_vs_T_svg-tex.pdf, page 1>
Package pdftex.def Info: ./svg-inkscape/xi_vs_T_svg-tex.pdf , page1 used on inp
ut line 56.
(pdftex.def)             Requested size: 455.24411pt x 644.44101pt.
)
Package svg Info: Last page of `./svg-inkscape/xi_ratio_svg-tex.pdf' is 1 on in
put line 99.

(./svg-inkscape/xi_ratio_svg-tex.pdf_tex
<./svg-inkscape/xi_ratio_svg-tex.pdf, id=1457, page=1, 490.40808pt x 707.73595p
t>
File: ./svg-inkscape/xi_ratio_svg-tex.pdf Graphic file (type pdf)
<use ./svg-inkscape/xi_ratio_svg-tex.pdf, page 1>
Package pdftex.def Info: ./svg-inkscape/xi_ratio_svg-tex.pdf , page1 used on in
put line 56.
(pdftex.def)             Requested size: 455.24411pt x 656.9889pt.
)
Underfull \hbox (badness 1259) in paragraph at lines 100--100
[]\OT1/cmr/m/n/12 Figure 4.9: []Scaled cor-re-la-tion length $\OML/cmm/m/it/12 
^^X[]=L$ \OT1/cmr/m/n/12 vs $\OML/cmm/m/it/12 T$ \OT1/cmr/m/n/12 for each al-go
-rithm and $\OML/cmm/m/it/12 L \OMS/cmsy/m/n/12 2
 []

Package svg Info: Last page of `./svg-inkscape/xi_scaling_svg-tex.pdf' is 1 on 
input line 108.
(./svg-inkscape/xi_scaling_svg-tex.pdf_tex
<./svg-inkscape/xi_scaling_svg-tex.pdf, id=1460, page=1, 995.56671pt x 274.1159
8pt>
File: ./svg-inkscape/xi_scaling_svg-tex.pdf Graphic file (type pdf)
<use ./svg-inkscape/xi_scaling_svg-tex.pdf, page 1>
Package pdftex.def Info: ./svg-inkscape/xi_scaling_svg-tex.pdf , page1 used on 
input line 56.
(pdftex.def)             Requested size: 455.24411pt x 125.342pt.
)
Package svg Info: Last page of `./svg-inkscape/xi_fss_svg-tex.pdf' is 1 on inpu
t line 121.

(./svg-inkscape/xi_fss_svg-tex.pdf_tex
<./svg-inkscape/xi_fss_svg-tex.pdf, id=1463, page=1, 490.37672pt x 701.6715pt>
File: ./svg-inkscape/xi_fss_svg-tex.pdf Graphic file (type pdf)
<use ./svg-inkscape/xi_fss_svg-tex.pdf, page 1>
Package pdftex.def Info: ./svg-inkscape/xi_fss_svg-tex.pdf , page1 used on inpu
t line 56.
(pdftex.def)             Requested size: 455.24411pt x 651.39143pt.
) [20 <./svg-inkscape/chi_scaling_svg-tex.pdf>] [21 <./svg-inkscape/suscept_fss
_svg-tex.pdf>] [22 <./svg-inkscape/xi_vs_T_svg-tex.pdf>] [23 <./svg-inkscape/xi
_ratio_svg-tex.pdf>]
Package svg Info: Last page of `./svg-inkscape/tau_vs_T_svg-tex.pdf' is 1 on in
put line 135.

(./svg-inkscape/tau_vs_T_svg-tex.pdf_tex
<./svg-inkscape/tau_vs_T_svg-tex.pdf, id=2268, page=1, 490.40808pt x 707.73595p
t>
File: ./svg-inkscape/tau_vs_T_svg-tex.pdf Graphic file (type pdf)
<use ./svg-inkscape/tau_vs_T_svg-tex.pdf, page 1>
Package pdftex.def Info: ./svg-inkscape/tau_vs_T_svg-tex.pdf , page1 used on in
put line 56.
(pdftex.def)             Requested size: 455.24411pt x 656.9889pt.
)
Package svg Info: Last page of `./svg-inkscape/tau_scaling_svg-tex.pdf' is 1 on
 input line 151.

(./svg-inkscape/tau_scaling_svg-tex.pdf_tex
<./svg-inkscape/tau_scaling_svg-tex.pdf, id=2273, page=1, 996.17274pt x 274.115
98pt>
File: ./svg-inkscape/tau_scaling_svg-tex.pdf Graphic file (type pdf)
<use ./svg-inkscape/tau_scaling_svg-tex.pdf, page 1>
Package pdftex.def Info: ./svg-inkscape/tau_scaling_svg-tex.pdf , page1 used on
 input line 56.
(pdftex.def)             Requested size: 455.24411pt x 125.2667pt.
)) [24 <./svg-inkscape/xi_scaling_svg-tex.pdf>] [25 <./svg-inkscape/xi_fss_svg-
tex.pdf>] [26 <./svg-inkscape/tau_vs_T_svg-tex.pdf>] [27 <./svg-inkscape/tau_sc
aling_svg-tex.pdf>]
(./06-conclusiones.tex
Chapter 5.
[28


]) [29

] (./main.bbl [30


]) [31] (./main.aux)

LaTeX Warning: There were undefined references.

Package rerunfilecheck Info: File `main.out' has not changed.
(rerunfilecheck)             Checksum: EF713006DE0058ECD8BE1D580B11B609;5288.
 ) 
Here is how much of TeX's memory you used:
 15451 strings out of 480185
 259420 string characters out of 5894213
 590684 words of memory out of 5000000
 32932 multiletter control sequences out of 15000+600000
 478616 words of font info for 61 fonts, out of 8000000 for 9000
 40 hyphenation exceptions out of 8191
 94i,12n,92p,1169b,586s stack positions out of 5000i,500n,10000p,200000b,80000s
 </home/pablolopse/.texlive2021/texmf-var/fonts/pk/ljfour/jknappen/ec/tcrm120
0.600pk></usr/share/texlive/texmf-dist/fonts/type1/public/amsfonts/cm/cmbx12.pf
b></usr/share/texlive/texmf-dist/fonts/type1/public/amsfonts/cm/cmbx8.pfb></usr
/share/texlive/texmf-dist/fonts/type1/public/amsfonts/cm/cmex10.pfb></usr/share
/texlive/texmf-dist/fonts/type1/public/amsfonts/cm/cmmi12.pfb></usr/share/texli
ve/texmf-dist/fonts/type1/public/amsfonts/cm/cmmi6.pfb></usr/share/texlive/texm
f-dist/fonts/type1/public/amsfonts/cm/cmmi8.pfb></usr/share/texlive/texmf-dist/
fonts/type1/public/amsfonts/cm/cmr12.pfb></usr/share/texlive/texmf-dist/fonts/t
ype1/public/amsfonts/cm/cmr17.pfb></usr/share/texlive/texmf-dist/fonts/type1/pu
blic/amsfonts/cm/cmr6.pfb></usr/share/texlive/texmf-dist/fonts/type1/public/ams
fonts/cm/cmr8.pfb></usr/share/texlive/texmf-dist/fonts/type1/public/amsfonts/cm
/cmsy10.pfb></usr/share/texlive/texmf-dist/fonts/type1/public/amsfonts/cm/cmsy6
.pfb></usr/share/texlive/texmf-dist/fonts/type1/public/amsfonts/cm/cmsy8.pfb></
usr/share/texlive/texmf-dist/fonts/type1/public/amsfonts/cm/cmti12.pfb>
Output written on main.pdf (35 pages, 1850526 bytes).
PDF statistics:
 3014 PDF objects out of 3580 (max. 8388607)
 2097 compressed objects within 21 object streams
 107 named destinations out of 1000 (max. 500000)
 401 words of extra memory for PDF output out of 10000 (max. 10000000)

