This is pdfTeX, Version 3.141592653-2.6-1.40.22 (TeX Live 2022/dev/Debian) (preloaded format=pdflatex 2026.6.25)  17 JUL 2026 07:53
entering extended mode
 restricted \write18 enabled.
 %&-line parsing enabled.
**main.tex
(./main.tex
LaTeX2e <2021-11-15> patch level 1
L3 programming layer <2022-01-21>
(/usr/share/texlive/texmf-dist/tex/latex/beamer/beamer.cls
Document Class: beamer 2022/01/21 v3.65 A class for typesetting presentations
(/usr/share/texlive/texmf-dist/tex/latex/beamer/beamerbasemodes.sty
(/usr/share/texlive/texmf-dist/tex/latex/etoolbox/etoolbox.sty
Package: etoolbox 2020/10/05 v2.5k e-TeX tools for LaTeX (JAW)
\etb@tempcnta=\count185
)
\beamer@tempbox=\box50
\beamer@tempcount=\count186
\c@beamerpauses=\count187

(/usr/share/texlive/texmf-dist/tex/latex/beamer/beamerbasedecode.sty
\beamer@slideinframe=\count188
\beamer@minimum=\count189
\beamer@decode@box=\box51
)
\beamer@commentbox=\box52
\beamer@modecount=\count190
)
(/usr/share/texlive/texmf-dist/tex/generic/iftex/ifpdf.sty
Package: ifpdf 2019/10/25 v3.4 ifpdf legacy package. Use iftex instead.

(/usr/share/texlive/texmf-dist/tex/generic/iftex/iftex.sty
Package: iftex 2020/03/06 v1.0d TeX engine tests
))
\headdp=\dimen138
\footheight=\dimen139
\sidebarheight=\dimen140
\beamer@tempdim=\dimen141
\beamer@finalheight=\dimen142
\beamer@animht=\dimen143
\beamer@animdp=\dimen144
\beamer@animwd=\dimen145
\beamer@leftmargin=\dimen146
\beamer@rightmargin=\dimen147
\beamer@leftsidebar=\dimen148
\beamer@rightsidebar=\dimen149
\beamer@boxsize=\dimen150
\beamer@vboxoffset=\dimen151
\beamer@descdefault=\dimen152
\beamer@descriptionwidth=\dimen153
\beamer@lastskip=\skip47
\beamer@areabox=\box53
\beamer@animcurrent=\box54
\beamer@animshowbox=\box55
\beamer@sectionbox=\box56
\beamer@logobox=\box57
\beamer@linebox=\box58
\beamer@sectioncount=\count191
\beamer@subsubsectionmax=\count192
\beamer@subsectionmax=\count193
\beamer@sectionmax=\count194
\beamer@totalheads=\count195
\beamer@headcounter=\count196
\beamer@partstartpage=\count197
\beamer@sectionstartpage=\count198
\beamer@subsectionstartpage=\count199
\beamer@animationtempa=\count266
\beamer@animationtempb=\count267
\beamer@xpos=\count268
\beamer@ypos=\count269
\beamer@ypos@offset=\count270
\beamer@showpartnumber=\count271
\beamer@currentsubsection=\count272
\beamer@coveringdepth=\count273
\beamer@sectionadjust=\count274
\beamer@toclastsection=\count275
\beamer@tocsectionnumber=\count276

(/usr/share/texlive/texmf-dist/tex/latex/beamer/beamerbaseoptions.sty
(/usr/share/texlive/texmf-dist/tex/latex/graphics/keyval.sty
Package: keyval 2014/10/28 v1.15 key=value parser (DPC)
\KV@toks@=\toks16
))
\beamer@paperwidth=\skip48
\beamer@paperheight=\skip49

(/usr/share/texlive/texmf-dist/tex/latex/geometry/geometry.sty
Package: geometry 2020/01/02 v5.9 Page Geometry

(/usr/share/texlive/texmf-dist/tex/generic/iftex/ifvtex.sty
Package: ifvtex 2019/10/25 v1.7 ifvtex legacy package. Use iftex instead.
)
\Gm@cnth=\count277
\Gm@cntv=\count278
\c@Gm@tempcnt=\count279
\Gm@bindingoffset=\dimen154
\Gm@wd@mp=\dimen155
\Gm@odd@mp=\dimen156
\Gm@even@mp=\dimen157
\Gm@layoutwidth=\dimen158
\Gm@layoutheight=\dimen159
\Gm@layouthoffset=\dimen160
\Gm@layoutvoffset=\dimen161
\Gm@dimlist=\toks17
)
(/usr/share/texlive/texmf-dist/tex/latex/pgf/basiclayer/pgfcore.sty
(/usr/share/texlive/texmf-dist/tex/latex/graphics/graphicx.sty
Package: graphicx 2021/09/16 v1.2d Enhanced LaTeX Graphics (DPC,SPQR)

(/usr/share/texlive/texmf-dist/tex/latex/graphics/graphics.sty
Package: graphics 2021/03/04 v1.4d Standard LaTeX Graphics (DPC,SPQR)

(/usr/share/texlive/texmf-dist/tex/latex/graphics/trig.sty
Package: trig 2021/08/11 v1.11 sin cos tan (DPC)
)
(/usr/share/texlive/texmf-dist/tex/latex/graphics-cfg/graphics.cfg
File: graphics.cfg 2016/06/04 v1.11 sample graphics configuration
)
Package graphics Info: Driver file: pdftex.def on input line 107.

(/usr/share/texlive/texmf-dist/tex/latex/graphics-def/pdftex.def
File: pdftex.def 2020/10/05 v1.2a Graphics/color driver for pdftex
))
\Gin@req@height=\dimen162
\Gin@req@width=\dimen163
)
(/usr/share/texlive/texmf-dist/tex/latex/pgf/systemlayer/pgfsys.sty
(/usr/share/texlive/texmf-dist/tex/latex/pgf/utilities/pgfrcs.sty
(/usr/share/texlive/texmf-dist/tex/generic/pgf/utilities/pgfutil-common.tex
\pgfutil@everybye=\toks18
\pgfutil@tempdima=\dimen164
\pgfutil@tempdimb=\dimen165

(/usr/share/texlive/texmf-dist/tex/generic/pgf/utilities/pgfutil-common-lists.t
ex)) (/usr/share/texlive/texmf-dist/tex/generic/pgf/utilities/pgfutil-latex.def
\pgfutil@abb=\box59
) (/usr/share/texlive/texmf-dist/tex/generic/pgf/utilities/pgfrcs.code.tex
(/usr/share/texlive/texmf-dist/tex/generic/pgf/pgf.revision.tex)
Package: pgfrcs 2021/05/15 v3.1.9a (3.1.9a)
))
(/usr/share/texlive/texmf-dist/tex/generic/pgf/systemlayer/pgfsys.code.tex
Package: pgfsys 2021/05/15 v3.1.9a (3.1.9a)

(/usr/share/texlive/texmf-dist/tex/generic/pgf/utilities/pgfkeys.code.tex
\pgfkeys@pathtoks=\toks19
\pgfkeys@temptoks=\toks20

(/usr/share/texlive/texmf-dist/tex/generic/pgf/utilities/pgfkeysfiltered.code.t
ex
\pgfkeys@tmptoks=\toks21
))
\pgf@x=\dimen166
\pgf@y=\dimen167
\pgf@xa=\dimen168
\pgf@ya=\dimen169
\pgf@xb=\dimen170
\pgf@yb=\dimen171
\pgf@xc=\dimen172
\pgf@yc=\dimen173
\pgf@xd=\dimen174
\pgf@yd=\dimen175
\w@pgf@writea=\write3
\r@pgf@reada=\read2
\c@pgf@counta=\count280
\c@pgf@countb=\count281
\c@pgf@countc=\count282
\c@pgf@countd=\count283
\t@pgf@toka=\toks22
\t@pgf@tokb=\toks23
\t@pgf@tokc=\toks24
\pgf@sys@id@count=\count284
 (/usr/share/texlive/texmf-dist/tex/generic/pgf/systemlayer/pgf.cfg
File: pgf.cfg 2021/05/15 v3.1.9a (3.1.9a)
)
Driver file for pgf: pgfsys-pdftex.def

(/usr/share/texlive/texmf-dist/tex/generic/pgf/systemlayer/pgfsys-pdftex.def
File: pgfsys-pdftex.def 2021/05/15 v3.1.9a (3.1.9a)

(/usr/share/texlive/texmf-dist/tex/generic/pgf/systemlayer/pgfsys-common-pdf.de
f
File: pgfsys-common-pdf.def 2021/05/15 v3.1.9a (3.1.9a)
)))
(/usr/share/texlive/texmf-dist/tex/generic/pgf/systemlayer/pgfsyssoftpath.code.
tex
File: pgfsyssoftpath.code.tex 2021/05/15 v3.1.9a (3.1.9a)
\pgfsyssoftpath@smallbuffer@items=\count285
\pgfsyssoftpath@bigbuffer@items=\count286
)
(/usr/share/texlive/texmf-dist/tex/generic/pgf/systemlayer/pgfsysprotocol.code.
tex
File: pgfsysprotocol.code.tex 2021/05/15 v3.1.9a (3.1.9a)
)) (/usr/share/texlive/texmf-dist/tex/latex/xcolor/xcolor.sty
Package: xcolor 2021/10/31 v2.13 LaTeX color extensions (UK)

(/usr/share/texlive/texmf-dist/tex/latex/graphics-cfg/color.cfg
File: color.cfg 2016/01/02 v1.6 sample color configuration
)
Package xcolor Info: Driver file: pdftex.def on input line 227.
Package xcolor Info: Model `cmy' substituted by `cmy0' on input line 1352.
Package xcolor Info: Model `hsb' substituted by `rgb' on input line 1356.
Package xcolor Info: Model `RGB' extended on input line 1368.
Package xcolor Info: Model `HTML' substituted by `rgb' on input line 1370.
Package xcolor Info: Model `Hsb' substituted by `hsb' on input line 1371.
Package xcolor Info: Model `tHsb' substituted by `hsb' on input line 1372.
Package xcolor Info: Model `HSB' substituted by `hsb' on input line 1373.
Package xcolor Info: Model `Gray' substituted by `gray' on input line 1374.
Package xcolor Info: Model `wave' substituted by `hsb' on input line 1375.
)
(/usr/share/texlive/texmf-dist/tex/generic/pgf/basiclayer/pgfcore.code.tex
Package: pgfcore 2021/05/15 v3.1.9a (3.1.9a)

(/usr/share/texlive/texmf-dist/tex/generic/pgf/math/pgfmath.code.tex
(/usr/share/texlive/texmf-dist/tex/generic/pgf/math/pgfmathcalc.code.tex
(/usr/share/texlive/texmf-dist/tex/generic/pgf/math/pgfmathutil.code.tex)
(/usr/share/texlive/texmf-dist/tex/generic/pgf/math/pgfmathparser.code.tex
\pgfmath@dimen=\dimen176
\pgfmath@count=\count287
\pgfmath@box=\box60
\pgfmath@toks=\toks25
\pgfmath@stack@operand=\toks26
\pgfmath@stack@operation=\toks27
)
(/usr/share/texlive/texmf-dist/tex/generic/pgf/math/pgfmathfunctions.code.tex
(/usr/share/texlive/texmf-dist/tex/generic/pgf/math/pgfmathfunctions.basic.code
.tex)
(/usr/share/texlive/texmf-dist/tex/generic/pgf/math/pgfmathfunctions.trigonomet
ric.code.tex)
(/usr/share/texlive/texmf-dist/tex/generic/pgf/math/pgfmathfunctions.random.cod
e.tex)
(/usr/share/texlive/texmf-dist/tex/generic/pgf/math/pgfmathfunctions.comparison
.code.tex)
(/usr/share/texlive/texmf-dist/tex/generic/pgf/math/pgfmathfunctions.base.code.
tex)
(/usr/share/texlive/texmf-dist/tex/generic/pgf/math/pgfmathfunctions.round.code
.tex)
(/usr/share/texlive/texmf-dist/tex/generic/pgf/math/pgfmathfunctions.misc.code.
tex)
(/usr/share/texlive/texmf-dist/tex/generic/pgf/math/pgfmathfunctions.integerari
thmetics.code.tex)))
(/usr/share/texlive/texmf-dist/tex/generic/pgf/math/pgfmathfloat.code.tex
\c@pgfmathroundto@lastzeros=\count288
))
(/usr/share/texlive/texmf-dist/tex/generic/pgf/math/pgfint.code.tex)
(/usr/share/texlive/texmf-dist/tex/generic/pgf/basiclayer/pgfcorepoints.code.te
x
File: pgfcorepoints.code.tex 2021/05/15 v3.1.9a (3.1.9a)
\pgf@picminx=\dimen177
\pgf@picmaxx=\dimen178
\pgf@picminy=\dimen179
\pgf@picmaxy=\dimen180
\pgf@pathminx=\dimen181
\pgf@pathmaxx=\dimen182
\pgf@pathminy=\dimen183
\pgf@pathmaxy=\dimen184
\pgf@xx=\dimen185
\pgf@xy=\dimen186
\pgf@yx=\dimen187
\pgf@yy=\dimen188
\pgf@zx=\dimen189
\pgf@zy=\dimen190
)
(/usr/share/texlive/texmf-dist/tex/generic/pgf/basiclayer/pgfcorepathconstruct.
code.tex
File: pgfcorepathconstruct.code.tex 2021/05/15 v3.1.9a (3.1.9a)
\pgf@path@lastx=\dimen191
\pgf@path@lasty=\dimen192
)
(/usr/share/texlive/texmf-dist/tex/generic/pgf/basiclayer/pgfcorepathusage.code
.tex
File: pgfcorepathusage.code.tex 2021/05/15 v3.1.9a (3.1.9a)
\pgf@shorten@end@additional=\dimen193
\pgf@shorten@start@additional=\dimen194
)
(/usr/share/texlive/texmf-dist/tex/generic/pgf/basiclayer/pgfcorescopes.code.te
x
File: pgfcorescopes.code.tex 2021/05/15 v3.1.9a (3.1.9a)
\pgfpic=\box61
\pgf@hbox=\box62
\pgf@layerbox@main=\box63
\pgf@picture@serial@count=\count289
)
(/usr/share/texlive/texmf-dist/tex/generic/pgf/basiclayer/pgfcoregraphicstate.c
ode.tex
File: pgfcoregraphicstate.code.tex 2021/05/15 v3.1.9a (3.1.9a)
\pgflinewidth=\dimen195
)
(/usr/share/texlive/texmf-dist/tex/generic/pgf/basiclayer/pgfcoretransformation
s.code.tex
File: pgfcoretransformations.code.tex 2021/05/15 v3.1.9a (3.1.9a)
\pgf@pt@x=\dimen196
\pgf@pt@y=\dimen197
\pgf@pt@temp=\dimen198
)
(/usr/share/texlive/texmf-dist/tex/generic/pgf/basiclayer/pgfcorequick.code.tex
File: pgfcorequick.code.tex 2021/05/15 v3.1.9a (3.1.9a)
)
(/usr/share/texlive/texmf-dist/tex/generic/pgf/basiclayer/pgfcoreobjects.code.t
ex
File: pgfcoreobjects.code.tex 2021/05/15 v3.1.9a (3.1.9a)
)
(/usr/share/texlive/texmf-dist/tex/generic/pgf/basiclayer/pgfcorepathprocessing
.code.tex
File: pgfcorepathprocessing.code.tex 2021/05/15 v3.1.9a (3.1.9a)
)
(/usr/share/texlive/texmf-dist/tex/generic/pgf/basiclayer/pgfcorearrows.code.te
x
File: pgfcorearrows.code.tex 2021/05/15 v3.1.9a (3.1.9a)
\pgfarrowsep=\dimen199
)
(/usr/share/texlive/texmf-dist/tex/generic/pgf/basiclayer/pgfcoreshade.code.tex
File: pgfcoreshade.code.tex 2021/05/15 v3.1.9a (3.1.9a)
\pgf@max=\dimen256
\pgf@sys@shading@range@num=\count290
\pgf@shadingcount=\count291
)
(/usr/share/texlive/texmf-dist/tex/generic/pgf/basiclayer/pgfcoreimage.code.tex
File: pgfcoreimage.code.tex 2021/05/15 v3.1.9a (3.1.9a)

(/usr/share/texlive/texmf-dist/tex/generic/pgf/basiclayer/pgfcoreexternal.code.
tex
File: pgfcoreexternal.code.tex 2021/05/15 v3.1.9a (3.1.9a)
\pgfexternal@startupbox=\box64
))
(/usr/share/texlive/texmf-dist/tex/generic/pgf/basiclayer/pgfcorelayers.code.te
x
File: pgfcorelayers.code.tex 2021/05/15 v3.1.9a (3.1.9a)
)
(/usr/share/texlive/texmf-dist/tex/generic/pgf/basiclayer/pgfcoretransparency.c
ode.tex
File: pgfcoretransparency.code.tex 2021/05/15 v3.1.9a (3.1.9a)
)
(/usr/share/texlive/texmf-dist/tex/generic/pgf/basiclayer/pgfcorepatterns.code.
tex
File: pgfcorepatterns.code.tex 2021/05/15 v3.1.9a (3.1.9a)
)
(/usr/share/texlive/texmf-dist/tex/generic/pgf/basiclayer/pgfcorerdf.code.tex
File: pgfcorerdf.code.tex 2021/05/15 v3.1.9a (3.1.9a)
))) (/usr/share/texlive/texmf-dist/tex/latex/base/size10.clo
File: size10.clo 2021/10/04 v1.4n Standard LaTeX file (size option)
)
(/usr/share/texlive/texmf-dist/tex/latex/pgf/utilities/xxcolor.sty
Package: xxcolor 2003/10/24 ver 0.1
\XC@nummixins=\count292
\XC@countmixins=\count293
)
(/usr/share/texlive/texmf-dist/tex/latex/base/atbegshi-ltx.sty
Package: atbegshi-ltx 2021/01/10 v1.0c Emulation of the original atbegshi
package with kernel methods
)
(/usr/share/texlive/texmf-dist/tex/latex/hyperref/hyperref.sty
Package: hyperref 2021-06-07 v7.00m Hypertext links for LaTeX

(/usr/share/texlive/texmf-dist/tex/generic/ltxcmds/ltxcmds.sty
Package: ltxcmds 2020-05-10 v1.25 LaTeX kernel commands for general use (HO)
)
(/usr/share/texlive/texmf-dist/tex/generic/pdftexcmds/pdftexcmds.sty
Package: pdftexcmds 2020-06-27 v0.33 Utility functions of pdfTeX for LuaTeX (HO
)

(/usr/share/texlive/texmf-dist/tex/generic/infwarerr/infwarerr.sty
Package: infwarerr 2019/12/03 v1.5 Providing info/warning/error messages (HO)
)
Package pdftexcmds Info: \pdf@primitive is available.
Package pdftexcmds Info: \pdf@ifprimitive is available.
Package pdftexcmds Info: \pdfdraftmode found.
)
(/usr/share/texlive/texmf-dist/tex/generic/kvsetkeys/kvsetkeys.sty
Package: kvsetkeys 2019/12/15 v1.18 Key value parser (HO)
)
(/usr/share/texlive/texmf-dist/tex/generic/kvdefinekeys/kvdefinekeys.sty
Package: kvdefinekeys 2019-12-19 v1.6 Define keys (HO)
)
(/usr/share/texlive/texmf-dist/tex/generic/pdfescape/pdfescape.sty
Package: pdfescape 2019/12/09 v1.15 Implements pdfTeX's escape features (HO)
)
(/usr/share/texlive/texmf-dist/tex/latex/hycolor/hycolor.sty
Package: hycolor 2020-01-27 v1.10 Color options for hyperref/bookmark (HO)
)
(/usr/share/texlive/texmf-dist/tex/latex/letltxmacro/letltxmacro.sty
Package: letltxmacro 2019/12/03 v1.6 Let assignment for LaTeX macros (HO)
)
(/usr/share/texlive/texmf-dist/tex/latex/auxhook/auxhook.sty
Package: auxhook 2019-12-17 v1.6 Hooks for auxiliary files (HO)
)
(/usr/share/texlive/texmf-dist/tex/latex/kvoptions/kvoptions.sty
Package: kvoptions 2020-10-07 v3.14 Key value format for package options (HO)
)
\@linkdim=\dimen257
\Hy@linkcounter=\count294
\Hy@pagecounter=\count295

(/usr/share/texlive/texmf-dist/tex/latex/hyperref/pd1enc.def
File: pd1enc.def 2021-06-07 v7.00m Hyperref: PDFDocEncoding definition (HO)
Now handling font encoding PD1 ...
... no UTF-8 mapping file for font encoding PD1
)
(/usr/share/texlive/texmf-dist/tex/latex/hyperref/hyperref-langpatches.def
File: hyperref-langpatches.def 2021-06-07 v7.00m Hyperref: patches for babel la
nguages
)
(/usr/share/texlive/texmf-dist/tex/generic/intcalc/intcalc.sty
Package: intcalc 2019/12/15 v1.3 Expandable calculations with integers (HO)
)
(/usr/share/texlive/texmf-dist/tex/generic/etexcmds/etexcmds.sty
Package: etexcmds 2019/12/15 v1.7 Avoid name clashes with e-TeX commands (HO)
)
\Hy@SavedSpaceFactor=\count296

(/usr/share/texlive/texmf-dist/tex/latex/hyperref/puenc.def
File: puenc.def 2021-06-07 v7.00m Hyperref: PDF Unicode definition (HO)
Now handling font encoding PU ...
... no UTF-8 mapping file for font encoding PU
)
Package hyperref Info: Option `bookmarks' set `true' on input line 4073.
Package hyperref Info: Option `bookmarksopen' set `true' on input line 4073.
Package hyperref Info: Option `implicit' set `false' on input line 4073.
Package hyperref Info: Hyper figures OFF on input line 4192.
Package hyperref Info: Link nesting OFF on input line 4197.
Package hyperref Info: Hyper index ON on input line 4200.
Package hyperref Info: Plain pages OFF on input line 4207.
Package hyperref Info: Backreferencing OFF on input line 4212.
Package hyperref Info: Implicit mode OFF; no redefinition of LaTeX internals.
Package hyperref Info: Bookmarks ON on input line 4445.
\c@Hy@tempcnt=\count297

(/usr/share/texlive/texmf-dist/tex/latex/url/url.sty
\Urlmuskip=\muskip16
Package: url 2013/09/16  ver 3.4  Verb mode for urls, etc.
)
LaTeX Info: Redefining \url on input line 4804.
\XeTeXLinkMargin=\dimen258

(/usr/share/texlive/texmf-dist/tex/generic/bitset/bitset.sty
Package: bitset 2019/12/09 v1.3 Handle bit-vector datatype (HO)

(/usr/share/texlive/texmf-dist/tex/generic/bigintcalc/bigintcalc.sty
Package: bigintcalc 2019/12/15 v1.5 Expandable calculations on big integers (HO
)
))
\Fld@menulength=\count298
\Field@Width=\dimen259
\Fld@charsize=\dimen260
Package hyperref Info: Hyper figures OFF on input line 6076.
Package hyperref Info: Link nesting OFF on input line 6081.
Package hyperref Info: Hyper index ON on input line 6084.
Package hyperref Info: backreferencing OFF on input line 6091.
Package hyperref Info: Link coloring OFF on input line 6096.
Package hyperref Info: Link coloring with OCG OFF on input line 6101.
Package hyperref Info: PDF/A mode OFF on input line 6106.
LaTeX Info: Redefining \ref on input line 6146.
LaTeX Info: Redefining \pageref on input line 6150.
\Hy@abspage=\count299


Package hyperref Message: Stopped early.

)
Package hyperref Info: Driver (autodetected): hpdftex.
 (/usr/share/texlive/texmf-dist/tex/latex/hyperref/hpdftex.def
File: hpdftex.def 2021-06-07 v7.00m Hyperref driver for pdfTeX

(/usr/share/texlive/texmf-dist/tex/latex/base/atveryend-ltx.sty
Package: atveryend-ltx 2020/08/19 v1.0a Emulation of the original atveryend pac
kage
with kernel methods
)
\Fld@listcount=\count300
\c@bookmark@seq@number=\count301

(/usr/share/texlive/texmf-dist/tex/latex/rerunfilecheck/rerunfilecheck.sty
Package: rerunfilecheck 2019/12/05 v1.9 Rerun checks for auxiliary files (HO)

(/usr/share/texlive/texmf-dist/tex/generic/uniquecounter/uniquecounter.sty
Package: uniquecounter 2019/12/15 v1.4 Provide unlimited unique counter (HO)
)
Package uniquecounter Info: New unique counter `rerunfilecheck' on input line 2
86.
))
(/usr/share/texlive/texmf-dist/tex/latex/beamer/beamerbaserequires.sty
(/usr/share/texlive/texmf-dist/tex/latex/beamer/beamerbasecompatibility.sty)
(/usr/share/texlive/texmf-dist/tex/latex/beamer/beamerbasefont.sty
(/usr/share/texlive/texmf-dist/tex/latex/amsfonts/amssymb.sty
Package: amssymb 2013/01/14 v3.01 AMS font symbols

(/usr/share/texlive/texmf-dist/tex/latex/amsfonts/amsfonts.sty
Package: amsfonts 2013/01/14 v3.01 Basic AMSFonts support
\@emptytoks=\toks28
\symAMSa=\mathgroup4
\symAMSb=\mathgroup5
LaTeX Font Info:    Redeclaring math symbol \hbar on input line 98.
LaTeX Font Info:    Overwriting math alphabet `\mathfrak' in version `bold'
(Font)                  U/euf/m/n --> U/euf/b/n on input line 106.
)))
(/usr/share/texlive/texmf-dist/tex/latex/beamer/beamerbasetranslator.sty
(/usr/share/texlive/texmf-dist/tex/latex/translator/translator.sty
Package: translator 2021-05-31 v1.12d Easy translation of strings in LaTeX
))
(/usr/share/texlive/texmf-dist/tex/latex/beamer/beamerbasemisc.sty)
(/usr/share/texlive/texmf-dist/tex/latex/beamer/beamerbasetwoscreens.sty)
(/usr/share/texlive/texmf-dist/tex/latex/beamer/beamerbaseoverlay.sty
\beamer@argscount=\count302
\beamer@lastskipcover=\skip50
\beamer@trivlistdepth=\count303
)
(/usr/share/texlive/texmf-dist/tex/latex/beamer/beamerbasetitle.sty)
(/usr/share/texlive/texmf-dist/tex/latex/beamer/beamerbasesection.sty
\c@lecture=\count304
\c@part=\count305
\c@section=\count306
\c@subsection=\count307
\c@subsubsection=\count308
)
(/usr/share/texlive/texmf-dist/tex/latex/beamer/beamerbaseframe.sty
\beamer@framebox=\box65
\beamer@frametitlebox=\box66
\beamer@zoombox=\box67
\beamer@zoomcount=\count309
\beamer@zoomframecount=\count310
\beamer@frametextheight=\dimen261
\c@subsectionslide=\count311
\beamer@frametopskip=\skip51
\beamer@framebottomskip=\skip52
\beamer@frametopskipautobreak=\skip53
\beamer@framebottomskipautobreak=\skip54
\beamer@envbody=\toks29
\framewidth=\dimen262
\c@framenumber=\count312
)
(/usr/share/texlive/texmf-dist/tex/latex/beamer/beamerbaseverbatim.sty
\beamer@verbatimfileout=\write4
)
(/usr/share/texlive/texmf-dist/tex/latex/beamer/beamerbaseframesize.sty
\beamer@splitbox=\box68
\beamer@autobreakcount=\count313
\beamer@autobreaklastheight=\dimen263
\beamer@frametitletoks=\toks30
\beamer@framesubtitletoks=\toks31
)
(/usr/share/texlive/texmf-dist/tex/latex/beamer/beamerbaseframecomponents.sty
\beamer@footins=\box69
)
(/usr/share/texlive/texmf-dist/tex/latex/beamer/beamerbasecolor.sty)
(/usr/share/texlive/texmf-dist/tex/latex/beamer/beamerbasenotes.sty
\beamer@frameboxcopy=\box70
)
(/usr/share/texlive/texmf-dist/tex/latex/beamer/beamerbasetoc.sty)
(/usr/share/texlive/texmf-dist/tex/latex/beamer/beamerbasetemplates.sty
\beamer@sbttoks=\toks32

(/usr/share/texlive/texmf-dist/tex/latex/beamer/beamerbaseauxtemplates.sty
(/usr/share/texlive/texmf-dist/tex/latex/beamer/beamerbaseboxes.sty
\bmb@box=\box71
\bmb@colorbox=\box72
\bmb@boxwidth=\dimen264
\bmb@boxheight=\dimen265
\bmb@prevheight=\dimen266
\bmb@temp=\dimen267
\bmb@dima=\dimen268
\bmb@dimb=\dimen269
\bmb@prevheight=\dimen270
)
\beamer@blockheadheight=\dimen271
))
(/usr/share/texlive/texmf-dist/tex/latex/beamer/beamerbaselocalstructure.sty
(/usr/share/texlive/texmf-dist/tex/latex/tools/enumerate.sty
Package: enumerate 2015/07/23 v3.00 enumerate extensions (DPC)
\@enLab=\toks33
)
\beamer@bibiconwidth=\skip55
\c@figure=\count314
\c@table=\count315
\abovecaptionskip=\skip56
\belowcaptionskip=\skip57
)
(/usr/share/texlive/texmf-dist/tex/latex/beamer/beamerbasenavigation.sty
\beamer@section@min@dim=\dimen272
)
(/usr/share/texlive/texmf-dist/tex/latex/beamer/beamerbasetheorems.sty
(/usr/share/texlive/texmf-dist/tex/latex/amsmath/amsmath.sty
Package: amsmath 2021/10/15 v2.17l AMS math features
\@mathmargin=\skip58

For additional information on amsmath, use the `?' option.
(/usr/share/texlive/texmf-dist/tex/latex/amsmath/amstext.sty
Package: amstext 2021/08/26 v2.01 AMS text

(/usr/share/texlive/texmf-dist/tex/latex/amsmath/amsgen.sty
File: amsgen.sty 1999/11/30 v2.0 generic functions
\@emptytoks=\toks34
\ex@=\dimen273
))
(/usr/share/texlive/texmf-dist/tex/latex/amsmath/amsbsy.sty
Package: amsbsy 1999/11/29 v1.2d Bold Symbols
\pmbraise@=\dimen274
)
(/usr/share/texlive/texmf-dist/tex/latex/amsmath/amsopn.sty
Package: amsopn 2021/08/26 v2.02 operator names
)
\inf@bad=\count316
LaTeX Info: Redefining \frac on input line 234.
\uproot@=\count317
\leftroot@=\count318
LaTeX Info: Redefining \overline on input line 399.
\classnum@=\count319
\DOTSCASE@=\count320
LaTeX Info: Redefining \ldots on input line 496.
LaTeX Info: Redefining \dots on input line 499.
LaTeX Info: Redefining \cdots on input line 620.
\Mathstrutbox@=\box73
\strutbox@=\box74
\big@size=\dimen275
LaTeX Font Info:    Redeclaring font encoding OML on input line 743.
LaTeX Font Info:    Redeclaring font encoding OMS on input line 744.
\macc@depth=\count321
\c@MaxMatrixCols=\count322
\dotsspace@=\muskip17
\c@parentequation=\count323
\dspbrk@lvl=\count324
\tag@help=\toks35
\row@=\count325
\column@=\count326
\maxfields@=\count327
\andhelp@=\toks36
\eqnshift@=\dimen276
\alignsep@=\dimen277
\tagshift@=\dimen278
\tagwidth@=\dimen279
\totwidth@=\dimen280
\lineht@=\dimen281
\@envbody=\toks37
\multlinegap=\skip59
\multlinetaggap=\skip60
\mathdisplay@stack=\toks38
LaTeX Info: Redefining \[ on input line 2938.
LaTeX Info: Redefining \] on input line 2939.
)
(/usr/share/texlive/texmf-dist/tex/latex/amscls/amsthm.sty
Package: amsthm 2020/05/29 v2.20.6
\thm@style=\toks39
\thm@bodyfont=\toks40
\thm@headfont=\toks41
\thm@notefont=\toks42
\thm@headpunct=\toks43
\thm@preskip=\skip61
\thm@postskip=\skip62
\thm@headsep=\skip63
\dth@everypar=\toks44
)
\c@theorem=\count328
)
(/usr/share/texlive/texmf-dist/tex/latex/beamer/beamerbasethemes.sty))
(/usr/share/texlive/texmf-dist/tex/latex/beamer/beamerthemedefault.sty
(/usr/share/texlive/texmf-dist/tex/latex/beamer/beamerfontthemedefault.sty)
(/usr/share/texlive/texmf-dist/tex/latex/beamer/beamercolorthemedefault.sty)
(/usr/share/texlive/texmf-dist/tex/latex/beamer/beamerinnerthemedefault.sty
\beamer@dima=\dimen282
\beamer@dimb=\dimen283
)
(/usr/share/texlive/texmf-dist/tex/latex/beamer/beamerouterthemedefault.sty)))
(/usr/share/texlive/texmf-dist/tex/latex/beamertheme-metropolis/beamerthememetr
opolis.sty
Package: beamerthememetropolis 2017/01/23 v1.2 Metropolis Beamer theme
 (/usr/share/texlive/texmf-dist/tex/latex/pgfopts/pgfopts.sty
Package: pgfopts 2014/07/10 v2.1a LaTeX package options with pgfkeys

(/usr/share/texlive/texmf-dist/tex/latex/pgf/utilities/pgfkeys.sty
(/usr/share/texlive/texmf-dist/tex/generic/pgf/utilities/pgfkeys.code.tex))
\pgfopts@list@add@a@toks=\toks45
\pgfopts@list@add@b@toks=\toks46
)
(/usr/share/texlive/texmf-dist/tex/latex/beamertheme-metropolis/beamerinnerthem
emetropolis.sty
Package: beamerinnerthememetropolis 2017/01/23 Metropolis inner theme
 (/usr/share/texlive/texmf-dist/tex/latex/tools/calc.sty
Package: calc 2017/05/25 v4.3 Infix arithmetic (KKT,FJ)
\calc@Acount=\count329
\calc@Bcount=\count330
\calc@Adimen=\dimen284
\calc@Bdimen=\dimen285
\calc@Askip=\skip64
\calc@Bskip=\skip65
LaTeX Info: Redefining \setlength on input line 80.
LaTeX Info: Redefining \addtolength on input line 81.
\calc@Ccount=\count331
\calc@Cskip=\skip66
)
(/usr/share/texlive/texmf-dist/tex/latex/pgf/frontendlayer/tikz.sty
(/usr/share/texlive/texmf-dist/tex/latex/pgf/basiclayer/pgf.sty
Package: pgf 2021/05/15 v3.1.9a (3.1.9a)

(/usr/share/texlive/texmf-dist/tex/generic/pgf/modules/pgfmoduleshapes.code.tex
File: pgfmoduleshapes.code.tex 2021/05/15 v3.1.9a (3.1.9a)
\pgfnodeparttextbox=\box75
) (/usr/share/texlive/texmf-dist/tex/generic/pgf/modules/pgfmoduleplot.code.tex
File: pgfmoduleplot.code.tex 2021/05/15 v3.1.9a (3.1.9a)
)
(/usr/share/texlive/texmf-dist/tex/latex/pgf/compatibility/pgfcomp-version-0-65
.sty
Package: pgfcomp-version-0-65 2021/05/15 v3.1.9a (3.1.9a)
\pgf@nodesepstart=\dimen286
\pgf@nodesepend=\dimen287
)
(/usr/share/texlive/texmf-dist/tex/latex/pgf/compatibility/pgfcomp-version-1-18
.sty
Package: pgfcomp-version-1-18 2021/05/15 v3.1.9a (3.1.9a)
)) (/usr/share/texlive/texmf-dist/tex/latex/pgf/utilities/pgffor.sty
(/usr/share/texlive/texmf-dist/tex/latex/pgf/math/pgfmath.sty
(/usr/share/texlive/texmf-dist/tex/generic/pgf/math/pgfmath.code.tex))
(/usr/share/texlive/texmf-dist/tex/generic/pgf/utilities/pgffor.code.tex
Package: pgffor 2021/05/15 v3.1.9a (3.1.9a)

(/usr/share/texlive/texmf-dist/tex/generic/pgf/math/pgfmath.code.tex)
\pgffor@iter=\dimen288
\pgffor@skip=\dimen289
\pgffor@stack=\toks47
\pgffor@toks=\toks48
))
(/usr/share/texlive/texmf-dist/tex/generic/pgf/frontendlayer/tikz/tikz.code.tex
Package: tikz 2021/05/15 v3.1.9a (3.1.9a)

(/usr/share/texlive/texmf-dist/tex/generic/pgf/libraries/pgflibraryplothandlers
.code.tex
File: pgflibraryplothandlers.code.tex 2021/05/15 v3.1.9a (3.1.9a)
\pgf@plot@mark@count=\count332
\pgfplotmarksize=\dimen290
)
\tikz@lastx=\dimen291
\tikz@lasty=\dimen292
\tikz@lastxsaved=\dimen293
\tikz@lastysaved=\dimen294
\tikz@lastmovetox=\dimen295
\tikz@lastmovetoy=\dimen296
\tikzleveldistance=\dimen297
\tikzsiblingdistance=\dimen298
\tikz@figbox=\box76
\tikz@figbox@bg=\box77
\tikz@tempbox=\box78
\tikz@tempbox@bg=\box79
\tikztreelevel=\count333
\tikznumberofchildren=\count334
\tikznumberofcurrentchild=\count335
\tikz@fig@count=\count336

(/usr/share/texlive/texmf-dist/tex/generic/pgf/modules/pgfmodulematrix.code.tex
File: pgfmodulematrix.code.tex 2021/05/15 v3.1.9a (3.1.9a)
\pgfmatrixcurrentrow=\count337
\pgfmatrixcurrentcolumn=\count338
\pgf@matrix@numberofcolumns=\count339
)
\tikz@expandcount=\count340

(/usr/share/texlive/texmf-dist/tex/generic/pgf/frontendlayer/tikz/libraries/tik
zlibrarytopaths.code.tex
File: tikzlibrarytopaths.code.tex 2021/05/15 v3.1.9a (3.1.9a)
)))
\metropolis@titleseparator@linewidth=\skip67
\metropolis@progressonsectionpage=\skip68
\metropolis@progressonsectionpage@linewidth=\skip69
\metropolis@blocksep=\skip70
\metropolis@blockadjust=\skip71
\metropolis@parskip=\skip72
)
(/usr/share/texlive/texmf-dist/tex/latex/beamertheme-metropolis/beamerouterthem
emetropolis.sty
Package: beamerouterthememetropolis 2017/01/23 Metropolis outer theme
\metropolis@frametitle@padding=\skip73
\metropolis@progressinheadfoot=\skip74
\metropolis@progressinheadfoot@linewidth=\skip75
)
(/usr/share/texlive/texmf-dist/tex/latex/beamertheme-metropolis/beamercolorthem
emetropolis.sty
Package: beamercolorthememetropolis 2017/01/23 Metropolis color theme
)
(/usr/share/texlive/texmf-dist/tex/latex/beamertheme-metropolis/beamerfonttheme
metropolis.sty
Package: beamerfontthememetropolis 2017/01/23 Metropolis font theme
 (/usr/share/texlive/texmf-dist/tex/generic/iftex/ifxetex.sty
Package: ifxetex 2019/10/25 v0.7 ifxetex legacy package. Use iftex instead.
)
(/usr/share/texlive/texmf-dist/tex/generic/iftex/ifluatex.sty
Package: ifluatex 2019/10/25 v1.5 ifluatex legacy package. Use iftex instead.
)

Package beamerthememetropolis Warning: You need to compile with XeLaTeX or LuaL
aTeX to use the Fira fonts on input line 95.

)) (/usr/share/texlive/texmf-dist/tex/latex/base/fontenc.sty
Package: fontenc 2021/04/29 v2.0v Standard LaTeX package
)
(/usr/share/texlive/texmf-dist/tex/latex/base/inputenc.sty
Package: inputenc 2021/02/14 v1.3d Input encoding file
\inpenc@prehook=\toks49
\inpenc@posthook=\toks50
)
(/usr/share/texlive/texmf-dist/tex/generic/babel/babel.sty
Package: babel 2022/01/26 3.70 The Babel package
\babel@savecnt=\count341
\U@D=\dimen299
\l@unhyphenated=\language6

(/usr/share/texlive/texmf-dist/tex/generic/babel/txtbabel.def)
\bbl@readstream=\read3
LaTeX Info: Redefining \textlatin on input line 3967.
\bbl@dirlevel=\count342

(/usr/share/texlive/texmf-dist/tex/generic/babel-spanish/spanish.ldf
Language: spanish.ldf 2021/05/27 v5.0q Spanish support from the babel system
\es@quottoks=\toks51
\es@quotdepth=\count343
Package babel Info: Making " an active character on input line 570.
Package babel Info: Making . an active character on input line 675.
Package babel Info: Making < an active character on input line 722.
Package babel Info: Making > an active character on input line 722.
))
(/usr/share/texlive/texmf-dist/tex/latex/booktabs/booktabs.sty
Package: booktabs 2020/01/12 v1.61803398 Publication quality tables
\heavyrulewidth=\dimen300
\lightrulewidth=\dimen301
\cmidrulewidth=\dimen302
\belowrulesep=\dimen303
\belowbottomsep=\dimen304
\aboverulesep=\dimen305
\abovetopsep=\dimen306
\cmidrulesep=\dimen307
\cmidrulekern=\dimen308
\defaultaddspace=\dimen309
\@cmidla=\count344
\@cmidlb=\count345
\@aboverulesep=\dimen310
\@belowrulesep=\dimen311
\@thisruleclass=\count346
\@lastruleclass=\count347
\@thisrulewidth=\dimen312
)
(/usr/share/texmf/tex/latex/lm/lmodern.sty
Package: lmodern 2009/10/30 v1.6 Latin Modern Fonts
LaTeX Font Info:    Overwriting symbol font `operators' in version `normal'
(Font)                  OT1/cmr/m/n --> OT1/lmr/m/n on input line 22.
LaTeX Font Info:    Overwriting symbol font `letters' in version `normal'
(Font)                  OML/cmm/m/it --> OML/lmm/m/it on input line 23.
LaTeX Font Info:    Overwriting symbol font `symbols' in version `normal'
(Font)                  OMS/cmsy/m/n --> OMS/lmsy/m/n on input line 24.
LaTeX Font Info:    Overwriting symbol font `largesymbols' in version `normal'
(Font)                  OMX/cmex/m/n --> OMX/lmex/m/n on input line 25.
LaTeX Font Info:    Overwriting symbol font `operators' in version `bold'
(Font)                  OT1/cmr/bx/n --> OT1/lmr/bx/n on input line 26.
LaTeX Font Info:    Overwriting symbol font `letters' in version `bold'
(Font)                  OML/cmm/b/it --> OML/lmm/b/it on input line 27.
LaTeX Font Info:    Overwriting symbol font `symbols' in version `bold'
(Font)                  OMS/cmsy/b/n --> OMS/lmsy/b/n on input line 28.
LaTeX Font Info:    Overwriting symbol font `largesymbols' in version `bold'
(Font)                  OMX/cmex/m/n --> OMX/lmex/m/n on input line 29.
LaTeX Font Info:    Overwriting math alphabet `\mathbf' in version `normal'
(Font)                  OT1/cmr/bx/n --> OT1/lmr/bx/n on input line 31.
LaTeX Font Info:    Overwriting math alphabet `\mathsf' in version `normal'
(Font)                  OT1/cmss/m/n --> OT1/lmss/m/n on input line 32.
LaTeX Font Info:    Overwriting math alphabet `\mathit' in version `normal'
(Font)                  OT1/cmr/m/it --> OT1/lmr/m/it on input line 33.
LaTeX Font Info:    Overwriting math alphabet `\mathtt' in version `normal'
(Font)                  OT1/cmtt/m/n --> OT1/lmtt/m/n on input line 34.
LaTeX Font Info:    Overwriting math alphabet `\mathbf' in version `bold'
(Font)                  OT1/cmr/bx/n --> OT1/lmr/bx/n on input line 35.
LaTeX Font Info:    Overwriting math alphabet `\mathsf' in version `bold'
(Font)                  OT1/cmss/bx/n --> OT1/lmss/bx/n on input line 36.
LaTeX Font Info:    Overwriting math alphabet `\mathit' in version `bold'
(Font)                  OT1/cmr/bx/it --> OT1/lmr/bx/it on input line 37.
LaTeX Font Info:    Overwriting math alphabet `\mathtt' in version `bold'
(Font)                  OT1/cmtt/m/n --> OT1/lmtt/m/n on input line 38.
)
(/usr/share/texlive/texmf-dist/tex/latex/svg/svg.sty
Package: svg 2020/11/26 v2.02k (include SVG pictures)

(/usr/share/texlive/texmf-dist/tex/latex/koma-script/scrbase.sty
Package: scrbase 2021/11/13 v3.35 KOMA-Script package (KOMA-Script-independent 
basics and keyval usage)

(/usr/share/texlive/texmf-dist/tex/latex/koma-script/scrlfile.sty
Package: scrlfile 2021/11/13 v3.35 KOMA-Script package (file load hooks)

(/usr/share/texlive/texmf-dist/tex/latex/koma-script/scrlfile-hook.sty
Package: scrlfile-hook 2021/11/13 v3.35 KOMA-Script package (using LaTeX hooks)


(/usr/share/texlive/texmf-dist/tex/latex/koma-script/scrlogo.sty
Package: scrlogo 2021/11/13 v3.35 KOMA-Script package (logo)
)))
Applying: [2021/05/01] Usage of raw or classic option list on input line 252.
Already applied: [0000/00/00] Usage of raw or classic option list on input line
 368.
)
(/usr/share/texlive/texmf-dist/tex/latex/trimspaces/trimspaces.sty
Package: trimspaces 2009/09/17 v1.1 Trim spaces around a token list
)
(/usr/share/texlive/texmf-dist/tex/latex/tools/shellesc.sty
Package: shellesc 2019/11/08 v1.0c unified shell escape interface for LaTeX
Package shellesc Info: Restricted shell escape enabled on input line 77.
)
\c@svg@param@lastpage=\count348
\svg@box=\box80
\c@svg@param@currpage=\count349
)
(/usr/share/texlive/texmf-dist/tex/latex/transparent/transparent.sty
Package: transparent 2019/11/29 v1.4 Transparency via pdfTeX's color stack (HO)

)

Package hyperref Warning: Token not allowed in a PDF string (Unicode):
(hyperref)                removing `\\' on input line 52.

LaTeX Font Info:    Trying to load font information for T1+lmss on input line 5
6.
(/usr/share/texmf/tex/latex/lm/t1lmss.fd
File: t1lmss.fd 2009/10/30 v1.6 Font defs for Latin Modern
)
(/usr/share/texlive/texmf-dist/tex/latex/l3backend/l3backend-pdftex.def
File: l3backend-pdftex.def 2022-01-12 L3 backend support: PDF output (pdfTeX)
\l__color_backend_stack_int=\count350
\l__pdf_internal_box=\box81
)
(./main.aux
LaTeX Info: Redefining \. on input line 26.
LaTeX Info: Redefining \% on input line 26.
)
\openout1 = `main.aux'.

LaTeX Font Info:    Checking defaults for OML/cmm/m/it on input line 56.
LaTeX Font Info:    ... okay on input line 56.
LaTeX Font Info:    Checking defaults for OMS/cmsy/m/n on input line 56.
LaTeX Font Info:    ... okay on input line 56.
LaTeX Font Info:    Checking defaults for OT1/cmr/m/n on input line 56.
LaTeX Font Info:    ... okay on input line 56.
LaTeX Font Info:    Checking defaults for T1/cmr/m/n on input line 56.
LaTeX Font Info:    ... okay on input line 56.
LaTeX Font Info:    Checking defaults for TS1/cmr/m/n on input line 56.
LaTeX Font Info:    ... okay on input line 56.
LaTeX Font Info:    Checking defaults for OMX/cmex/m/n on input line 56.
LaTeX Font Info:    ... okay on input line 56.
LaTeX Font Info:    Checking defaults for U/cmr/m/n on input line 56.
LaTeX Font Info:    ... okay on input line 56.
LaTeX Font Info:    Checking defaults for PD1/pdf/m/n on input line 56.
LaTeX Font Info:    ... okay on input line 56.
LaTeX Font Info:    Checking defaults for PU/pdf/m/n on input line 56.
LaTeX Font Info:    ... okay on input line 56.

*geometry* driver: auto-detecting
*geometry* detected driver: pdftex
*geometry* verbose mode - [ preamble ] result:
* driver: pdftex
* paper: custom
* layout: <same size as paper>
* layoutoffset:(h,v)=(0.0pt,0.0pt)
* modes: includehead includefoot 
* h-part:(L,W,R)=(28.45274pt, 398.3386pt, 28.45274pt)
* v-part:(T,H,B)=(0.0pt, 256.0748pt, 0.0pt)
* \paperwidth=455.24408pt
* \paperheight=256.0748pt
* \textwidth=398.3386pt
* \textheight=227.62207pt
* \oddsidemargin=-43.81725pt
* \evensidemargin=-43.81725pt
* \topmargin=-72.26999pt
* \headheight=14.22636pt
* \headsep=0.0pt
* \topskip=10.0pt
* \footskip=14.22636pt
* \marginparwidth=3.0pt
* \marginparsep=11.0pt
* \columnsep=10.0pt
* \skip\footins=9.0pt plus 4.0pt minus 2.0pt
* \hoffset=0.0pt
* \voffset=0.0pt
* \mag=1000
* \@twocolumnfalse
* \@twosidefalse
* \@mparswitchfalse
* \@reversemarginfalse
* (1in=72.27pt=25.4mm, 1cm=28.453pt)

(/usr/share/texlive/texmf-dist/tex/context/base/mkii/supp-pdf.mkii
[Loading MPS to PDF converter (version 2006.09.02).]
\scratchcounter=\count351
\scratchdimen=\dimen313
\scratchbox=\box82
\nofMPsegments=\count352
\nofMParguments=\count353
\everyMPshowfont=\toks52
\MPscratchCnt=\count354
\MPscratchDim=\dimen314
\MPnumerator=\count355
\makeMPintoPDFobject=\count356
\everyMPtoPDFconversion=\toks53
) (/usr/share/texlive/texmf-dist/tex/latex/epstopdf-pkg/epstopdf-base.sty
Package: epstopdf-base 2020-01-24 v2.11 Base part for package epstopdf
Package epstopdf-base Info: Redefining graphics rule for `.eps' on input line 4
85.

(/usr/share/texlive/texmf-dist/tex/latex/latexconfig/epstopdf-sys.cfg
File: epstopdf-sys.cfg 2010/07/13 v1.3 Configuration of (r)epstopdf for TeX Liv
e
))
Package hyperref Info: Link coloring OFF on input line 56.

(/usr/share/texlive/texmf-dist/tex/latex/hyperref/nameref.sty
Package: nameref 2021-04-02 v2.47 Cross-referencing by name of section

(/usr/share/texlive/texmf-dist/tex/latex/refcount/refcount.sty
Package: refcount 2019/12/15 v3.6 Data extraction from label references (HO)
)
(/usr/share/texlive/texmf-dist/tex/generic/gettitlestring/gettitlestring.sty
Package: gettitlestring 2019/12/15 v1.6 Cleanup title references (HO)
)
\c@section@level=\count357
)
LaTeX Info: Redefining \ref on input line 56.
LaTeX Info: Redefining \pageref on input line 56.
LaTeX Info: Redefining \nameref on input line 56.

(./main.out) (./main.out)
\@outlinefile=\write5
\openout5 = `main.out'.

LaTeX Font Info:    Overwriting symbol font `operators' in version `normal'
(Font)                  OT1/lmr/m/n --> OT1/cmss/m/n on input line 56.
LaTeX Font Info:    Overwriting symbol font `operators' in version `bold'
(Font)                  OT1/lmr/bx/n --> OT1/cmss/b/n on input line 56.
LaTeX Font Info:    Overwriting symbol font `operators' in version `normal'
(Font)                  OT1/cmss/m/n --> OT1/lmss/m/n on input line 56.
LaTeX Font Info:    Overwriting symbol font `operators' in version `bold'
(Font)                  OT1/cmss/b/n --> OT1/lmss/b/n on input line 56.
\symnumbers=\mathgroup6
\sympureletters=\mathgroup7
LaTeX Font Info:    Overwriting math alphabet `\mathrm' in version `normal'
(Font)                  OT1/lmss/m/n --> T1/lmr/m/n on input line 56.
LaTeX Font Info:    Redeclaring math alphabet \mathbf on input line 56.
LaTeX Font Info:    Overwriting math alphabet `\mathbf' in version `normal'
(Font)                  OT1/lmr/bx/n --> T1/lmss/b/n on input line 56.
LaTeX Font Info:    Overwriting math alphabet `\mathbf' in version `bold'
(Font)                  OT1/lmr/bx/n --> T1/lmss/b/n on input line 56.
LaTeX Font Info:    Redeclaring math alphabet \mathsf on input line 56.
LaTeX Font Info:    Overwriting math alphabet `\mathsf' in version `normal'
(Font)                  OT1/lmss/m/n --> T1/lmss/m/n on input line 56.
LaTeX Font Info:    Overwriting math alphabet `\mathsf' in version `bold'
(Font)                  OT1/lmss/bx/n --> T1/lmss/m/n on input line 56.
LaTeX Font Info:    Redeclaring math alphabet \mathit on input line 56.
LaTeX Font Info:    Overwriting math alphabet `\mathit' in version `normal'
(Font)                  OT1/lmr/m/it --> T1/lmss/m/it on input line 56.
LaTeX Font Info:    Overwriting math alphabet `\mathit' in version `bold'
(Font)                  OT1/lmr/bx/it --> T1/lmss/m/it on input line 56.
LaTeX Font Info:    Redeclaring math alphabet \mathtt on input line 56.
LaTeX Font Info:    Overwriting math alphabet `\mathtt' in version `normal'
(Font)                  OT1/lmtt/m/n --> T1/lmtt/m/n on input line 56.
LaTeX Font Info:    Overwriting math alphabet `\mathtt' in version `bold'
(Font)                  OT1/lmtt/m/n --> T1/lmtt/m/n on input line 56.
LaTeX Font Info:    Overwriting symbol font `numbers' in version `bold'
(Font)                  T1/lmss/m/n --> T1/lmss/b/n on input line 56.
LaTeX Font Info:    Overwriting symbol font `pureletters' in version `bold'
(Font)                  T1/lmss/m/it --> T1/lmss/b/it on input line 56.
LaTeX Font Info:    Overwriting math alphabet `\mathrm' in version `bold'
(Font)                  OT1/lmss/b/n --> T1/lmr/b/n on input line 56.
LaTeX Font Info:    Overwriting math alphabet `\mathbf' in version `bold'
(Font)                  T1/lmss/b/n --> T1/lmss/b/n on input line 56.
LaTeX Font Info:    Overwriting math alphabet `\mathsf' in version `bold'
(Font)                  T1/lmss/m/n --> T1/lmss/b/n on input line 56.
LaTeX Font Info:    Overwriting math alphabet `\mathit' in version `bold'
(Font)                  T1/lmss/m/it --> T1/lmss/b/it on input line 56.
LaTeX Font Info:    Overwriting math alphabet `\mathtt' in version `bold'
(Font)                  T1/lmtt/m/n --> T1/lmtt/b/n on input line 56.

(/usr/share/texlive/texmf-dist/tex/latex/translator/translator-basic-dictionary
-English.dict
Dictionary: translator-basic-dictionary, Language: English 
)
(/usr/share/texlive/texmf-dist/tex/latex/translator/translator-bibliography-dic
tionary-English.dict
Dictionary: translator-bibliography-dictionary, Language: English 
)
(/usr/share/texlive/texmf-dist/tex/latex/translator/translator-environment-dict
ionary-English.dict
Dictionary: translator-environment-dictionary, Language: English 
)
(/usr/share/texlive/texmf-dist/tex/latex/translator/translator-months-dictionar
y-English.dict
Dictionary: translator-months-dictionary, Language: English 
)
(/usr/share/texlive/texmf-dist/tex/latex/translator/translator-numbers-dictiona
ry-English.dict
Dictionary: translator-numbers-dictionary, Language: English 
)
(/usr/share/texlive/texmf-dist/tex/latex/translator/translator-theorem-dictiona
ry-English.dict
Dictionary: translator-theorem-dictionary, Language: English 
)
LaTeX Info: Redefining \. on input line 56.
LaTeX Info: Redefining \% on input line 56.
 (./main.nav)
Overfull \vbox (13.79993pt too high) detected at line 58
 []

[1

{/var/lib/texmf/fonts/map/pdftex/updmap/pdftex.map}] (./main.toc
LaTeX Info: Redefining \. on input line 1.
LaTeX Info: Redefining \% on input line 1.
) [2

]
LaTeX Font Info:    Trying to load font information for OT1+lmss on input line 
66.

(/usr/share/texmf/tex/latex/lm/ot1lmss.fd
File: ot1lmss.fd 2009/10/30 v1.6 Font defs for Latin Modern
)
LaTeX Font Info:    Trying to load font information for OML+lmm on input line 6
6.

(/usr/share/texmf/tex/latex/lm/omllmm.fd
File: omllmm.fd 2009/10/30 v1.6 Font defs for Latin Modern
)
LaTeX Font Info:    Trying to load font information for OMS+lmsy on input line 
66.

(/usr/share/texmf/tex/latex/lm/omslmsy.fd
File: omslmsy.fd 2009/10/30 v1.6 Font defs for Latin Modern
)
LaTeX Font Info:    Trying to load font information for OMX+lmex on input line 
66.

(/usr/share/texmf/tex/latex/lm/omxlmex.fd
File: omxlmex.fd 2009/10/30 v1.6 Font defs for Latin Modern
)
LaTeX Font Info:    External font `lmex10' loaded for size
(Font)              <10> on input line 66.
LaTeX Font Info:    External font `lmex10' loaded for size
(Font)              <7> on input line 66.
LaTeX Font Info:    External font `lmex10' loaded for size
(Font)              <5> on input line 66.
LaTeX Font Info:    Trying to load font information for U+msa on input line 66.


(/usr/share/texlive/texmf-dist/tex/latex/amsfonts/umsa.fd
File: umsa.fd 2013/01/14 v3.01 AMS symbols A
)
LaTeX Font Info:    Trying to load font information for U+msb on input line 66.


(/usr/share/texlive/texmf-dist/tex/latex/amsfonts/umsb.fd
File: umsb.fd 2013/01/14 v3.01 AMS symbols B
)
LaTeX Font Info:    Font shape `T1/lmss/m/it' in size <10> not available
(Font)              Font shape `T1/lmss/m/sl' tried instead on input line 66.
LaTeX Font Info:    Font shape `T1/lmss/m/it' in size <7> not available
(Font)              Font shape `T1/lmss/m/sl' tried instead on input line 66.
LaTeX Font Info:    Font shape `T1/lmss/m/it' in size <5> not available
(Font)              Font shape `T1/lmss/m/sl' tried instead on input line 66.
 [3

]
LaTeX Font Info:    Trying to load font information for TS1+lmss on input line 
90.

(/usr/share/texmf/tex/latex/lm/ts1lmss.fd
File: ts1lmss.fd 2009/10/30 v1.6 Font defs for Latin Modern
)
<../article/fotos/2D_ising_model_on_lattice.svg.png, id=75, 878.53218pt x 369.6
3094pt>
File: ../article/fotos/2D_ising_model_on_lattice.svg.png Graphic file (type png
)
<use ../article/fotos/2D_ising_model_on_lattice.svg.png>
Package pdftex.def Info: ../article/fotos/2D_ising_model_on_lattice.svg.png  us
ed on input line 90.
(pdftex.def)             Requested size: 167.30147pt x 70.38852pt.
LaTeX Font Info:    External font `lmex10' loaded for size
(Font)              <9> on input line 90.
LaTeX Font Info:    External font `lmex10' loaded for size
(Font)              <6> on input line 90.
LaTeX Font Info:    Font shape `T1/lmss/m/it' in size <9> not available
(Font)              Font shape `T1/lmss/m/sl' tried instead on input line 90.
LaTeX Font Info:    Font shape `T1/lmss/m/it' in size <6> not available
(Font)              Font shape `T1/lmss/m/sl' tried instead on input line 90.

Overfull \vbox (1.01083pt too high) detected at line 90
 []

[4

 <../article/fotos/2D_ising_model_on_lattice.svg.png>] [5

] [6

] [7

]
<figs/ising_estados.png, id=112, 1365.1pt x 803.0pt>
File: figs/ising_estados.png Graphic file (type png)
<use figs/ising_estados.png>
Package pdftex.def Info: figs/ising_estados.png  used on input line 126.
(pdftex.def)             Requested size: 278.83578pt x 164.01567pt.
 [8

 <./figs/ising_estados.png>] [9

]
LaTeX Font Info:    Font shape `T1/lmss/bx/it' in size <12> not available
(Font)              Font shape `T1/lmss/bx/sl' tried instead on input line 156.

 [10

] [11

] [12

] [13

] [14

] [15

] [16

] [17

] [18

]
Package svg Info: Last page of `./svg-inkscape/c_Metropolis_svg-tex.pdf' is 1 o
n input line 299.

(./svg-inkscape/c_Metropolis_svg-tex.pdf_tex
<./svg-inkscape/c_Metropolis_svg-tex.pdf, id=174, page=1, 315.31348pt x 234.984
62pt>
File: ./svg-inkscape/c_Metropolis_svg-tex.pdf Graphic file (type pdf)
<use ./svg-inkscape/c_Metropolis_svg-tex.pdf, page 1>
Package pdftex.def Info: ./svg-inkscape/c_Metropolis_svg-tex.pdf , page1 used o
n input line 56.
(pdftex.def)             Requested size: 242.27661pt x 180.55145pt.
)
LaTeX Font Info:    External font `lmex10' loaded for size
(Font)              <12> on input line 299.
LaTeX Font Info:    External font `lmex10' loaded for size
(Font)              <8> on input line 299.
LaTeX Font Info:    Font shape `T1/lmss/m/it' in size <12> not available
(Font)              Font shape `T1/lmss/m/sl' tried instead on input line 299.
LaTeX Font Info:    Font shape `T1/lmss/m/it' in size <8> not available
(Font)              Font shape `T1/lmss/m/sl' tried instead on input line 299.
 [19

 <./svg-inkscape/c_Metropolis_svg-tex.pdf>]
Package svg Info: Last page of `./svg-inkscape/c_Glauber_svg-tex.pdf' is 1 on i
nput line 299.
 (./svg-inkscape/c_Glauber_svg-tex.pdf_tex
<./svg-inkscape/c_Glauber_svg-tex.pdf, id=260, page=1, 315.31348pt x 234.98462p
t>
File: ./svg-inkscape/c_Glauber_svg-tex.pdf Graphic file (type pdf)
<use ./svg-inkscape/c_Glauber_svg-tex.pdf, page 1>
Package pdftex.def Info: ./svg-inkscape/c_Glauber_svg-tex.pdf , page1 used on i
nput line 56.
(pdftex.def)             Requested size: 254.70372pt x 189.81299pt.
) [20

 <./svg-inkscape/c_Glauber_svg-tex.pdf>]
Package svg Info: Last page of `./svg-inkscape/c_Wolff_svg-tex.pdf' is 1 on inp
ut line 299.
 (./svg-inkscape/c_Wolff_svg-tex.pdf_tex
<./svg-inkscape/c_Wolff_svg-tex.pdf, id=345, page=1, 315.31348pt x 234.98462pt>

File: ./svg-inkscape/c_Wolff_svg-tex.pdf Graphic file (type pdf)
<use ./svg-inkscape/c_Wolff_svg-tex.pdf, page 1>
Package pdftex.def Info: ./svg-inkscape/c_Wolff_svg-tex.pdf , page1 used on inp
ut line 56.
(pdftex.def)             Requested size: 254.70372pt x 189.81299pt.
) [21

 <./svg-inkscape/c_Wolff_svg-tex.pdf>]
Package svg Info: Last page of `./svg-inkscape/m_Metropolis_svg-tex.pdf' is 1 o
n input line 305.
 (./svg-inkscape/m_Metropolis_svg-tex.pdf_tex
<./svg-inkscape/m_Metropolis_svg-tex.pdf, id=426, page=1, 312.84613pt x 234.984
62pt>
File: ./svg-inkscape/m_Metropolis_svg-tex.pdf Graphic file (type pdf)
<use ./svg-inkscape/m_Metropolis_svg-tex.pdf, page 1>
Package pdftex.def Info: ./svg-inkscape/m_Metropolis_svg-tex.pdf , page1 used o
n input line 56.
(pdftex.def)             Requested size: 240.38664pt x 180.55862pt.
)
[22

 <./svg-inkscape/m_Metropolis_svg-tex.pdf>]
Package svg Info: Last page of `./svg-inkscape/m_Glauber_svg-tex.pdf' is 1 on i
nput line 305.

(./svg-inkscape/m_Glauber_svg-tex.pdf_tex
<./svg-inkscape/m_Glauber_svg-tex.pdf, id=511, page=1, 312.84613pt x 234.98462p
t>
File: ./svg-inkscape/m_Glauber_svg-tex.pdf Graphic file (type pdf)
<use ./svg-inkscape/m_Glauber_svg-tex.pdf, page 1>
Package pdftex.def Info: ./svg-inkscape/m_Glauber_svg-tex.pdf , page1 used on i
nput line 56.
(pdftex.def)             Requested size: 252.71681pt x 189.82016pt.
) [23

 <./svg-inkscape/m_Glauber_svg-tex.pdf>]
Package svg Info: Last page of `./svg-inkscape/m_Wolff_svg-tex.pdf' is 1 on inp
ut line 305.
 (./svg-inkscape/m_Wolff_svg-tex.pdf_tex
<./svg-inkscape/m_Wolff_svg-tex.pdf, id=595, page=1, 312.84613pt x 234.98462pt>

File: ./svg-inkscape/m_Wolff_svg-tex.pdf Graphic file (type pdf)
<use ./svg-inkscape/m_Wolff_svg-tex.pdf, page 1>
Package pdftex.def Info: ./svg-inkscape/m_Wolff_svg-tex.pdf , page1 used on inp
ut line 56.
(pdftex.def)             Requested size: 252.71681pt x 189.82016pt.
) [24

 <./svg-inkscape/m_Wolff_svg-tex.pdf>]
Package svg Info: Last page of `./svg-inkscape/fss_binder_Metropolis_svg-tex.pd
f' is 1 on input line 311.
 (./svg-inkscape/fss_binder_Metropolis_svg-tex.pdf_tex
<./svg-inkscape/fss_binder_Metropolis_svg-tex.pdf, id=680, page=1, 313.59453pt 
x 234.98462pt>
File: ./svg-inkscape/fss_binder_Metropolis_svg-tex.pdf Graphic file (type pdf)
<use ./svg-inkscape/fss_binder_Metropolis_svg-tex.pdf, page 1>
Package pdftex.def Info: ./svg-inkscape/fss_binder_Metropolis_svg-tex.pdf , pag
e1 used on input line 56.
(pdftex.def)             Requested size: 240.97346pt x 180.5658pt.
) [25

 <./svg-inkscape/fss_binder_Metropolis_svg-tex.pdf>]
Package svg Info: Last page of `./svg-inkscape/fss_binder_Glauber_svg-tex.pdf' 
is 1 on input line 311.

(./svg-inkscape/fss_binder_Glauber_svg-tex.pdf_tex
<./svg-inkscape/fss_binder_Glauber_svg-tex.pdf, id=760, page=1, 313.59453pt x 2
34.98462pt>
File: ./svg-inkscape/fss_binder_Glauber_svg-tex.pdf Graphic file (type pdf)
<use ./svg-inkscape/fss_binder_Glauber_svg-tex.pdf, page 1>
Package pdftex.def Info: ./svg-inkscape/fss_binder_Glauber_svg-tex.pdf , page1 
used on input line 56.
(pdftex.def)             Requested size: 253.33374pt x 189.82733pt.
) [26

 <./svg-inkscape/fss_binder_Glauber_svg-tex.pdf>]
Package svg Info: Last page of `./svg-inkscape/fss_binder_Wolff_svg-tex.pdf' is
 1 on input line 311.
 (./svg-inkscape/fss_binder_Wolff_svg-tex.pdf_tex
<./svg-inkscape/fss_binder_Wolff_svg-tex.pdf, id=842, page=1, 313.56065pt x 234
.98462pt>
File: ./svg-inkscape/fss_binder_Wolff_svg-tex.pdf Graphic file (type pdf)
<use ./svg-inkscape/fss_binder_Wolff_svg-tex.pdf, page 1>
Package pdftex.def Info: ./svg-inkscape/fss_binder_Wolff_svg-tex.pdf , page1 us
ed on input line 56.
(pdftex.def)             Requested size: 253.2932pt x 189.82733pt.
)
[27

 <./svg-inkscape/fss_binder_Wolff_svg-tex.pdf>]
Package svg Info: Last page of `./svg-inkscape/extrp_lin_svg-tex.pdf' is 1 on i
nput line 323.

(./svg-inkscape/extrp_lin_svg-tex.pdf_tex
<./svg-inkscape/extrp_lin_svg-tex.pdf, id=930, page=1, 997.51859pt x 272.18301p
t>
File: ./svg-inkscape/extrp_lin_svg-tex.pdf Graphic file (type pdf)
<use ./svg-inkscape/extrp_lin_svg-tex.pdf, page 1>
Package pdftex.def Info: ./svg-inkscape/extrp_lin_svg-tex.pdf , page1 used on i
nput line 56.
(pdftex.def)             Requested size: 378.42044pt x 103.25618pt.
) [28

 <./svg-inkscape/extrp_lin_svg-tex.pdf>]
Package svg Info: Last page of `./svg-inkscape/suscept_Metropolis_svg-tex.pdf' 
is 1 on input line 329.
 (./svg-inkscape/suscept_Metropolis_svg-tex.pdf_tex
<./svg-inkscape/suscept_Metropolis_svg-tex.pdf, id=1087, page=1, 314.68393pt x 
234.98462pt>
File: ./svg-inkscape/suscept_Metropolis_svg-tex.pdf Graphic file (type pdf)
<use ./svg-inkscape/suscept_Metropolis_svg-tex.pdf, page 1>
Package pdftex.def Info: ./svg-inkscape/suscept_Metropolis_svg-tex.pdf , page1 
used on input line 56.
(pdftex.def)             Requested size: 241.80273pt x 180.5658pt.
) [29

 <./svg-inkscape/suscept_Metropolis_svg-tex.pdf>]
Package svg Info: Last page of `./svg-inkscape/suscept_Glauber_svg-tex.pdf' is 
1 on input line 329.

(./svg-inkscape/suscept_Glauber_svg-tex.pdf_tex
<./svg-inkscape/suscept_Glauber_svg-tex.pdf, id=1173, page=1, 314.68393pt x 234
.98462pt>
File: ./svg-inkscape/suscept_Glauber_svg-tex.pdf Graphic file (type pdf)
<use ./svg-inkscape/suscept_Glauber_svg-tex.pdf, page 1>
Package pdftex.def Info: ./svg-inkscape/suscept_Glauber_svg-tex.pdf , page1 use
d on input line 56.
(pdftex.def)             Requested size: 254.20555pt x 189.82733pt.
) [30

 <./svg-inkscape/suscept_Glauber_svg-tex.pdf>]
Package svg Info: Last page of `./svg-inkscape/suscept_Wolff_svg-tex.pdf' is 1 
on input line 329.
 (./svg-inkscape/suscept_Wolff_svg-tex.pdf_tex
<./svg-inkscape/suscept_Wolff_svg-tex.pdf, id=1258, page=1, 314.68393pt x 234.9
8462pt>
File: ./svg-inkscape/suscept_Wolff_svg-tex.pdf Graphic file (type pdf)
<use ./svg-inkscape/suscept_Wolff_svg-tex.pdf, page 1>
Package pdftex.def Info: ./svg-inkscape/suscept_Wolff_svg-tex.pdf , page1 used 
on input line 56.
(pdftex.def)             Requested size: 254.20555pt x 189.82733pt.
) [31

 <./svg-inkscape/suscept_Wolff_svg-tex.pdf>]
Package svg Info: Last page of `./svg-inkscape/chi_scaling_svg-tex.pdf' is 1 on
 input line 339.
 (./svg-inkscape/chi_scaling_svg-tex.pdf_tex
<./svg-inkscape/chi_scaling_svg-tex.pdf, id=1340, page=1, 998.43118pt x 274.115
98pt>
File: ./svg-inkscape/chi_scaling_svg-tex.pdf Graphic file (type pdf)
<use ./svg-inkscape/chi_scaling_svg-tex.pdf, page 1>
Package pdftex.def Info: ./svg-inkscape/chi_scaling_svg-tex.pdf , page1 used on
 input line 56.
(pdftex.def)             Requested size: 378.42044pt x 103.89326pt.
) [32

 <./svg-inkscape/chi_scaling_svg-tex.pdf>]
Package svg Info: Last page of `./svg-inkscape/suscept_fss_Metropolis_svg-tex.p
df' is 1 on input line 345.

(./svg-inkscape/suscept_fss_Metropolis_svg-tex.pdf_tex
<./svg-inkscape/suscept_fss_Metropolis_svg-tex.pdf, id=1431, page=1, 311.23123p
t x 229.3799pt>
File: ./svg-inkscape/suscept_fss_Metropolis_svg-tex.pdf Graphic file (type pdf)

<use ./svg-inkscape/suscept_fss_Metropolis_svg-tex.pdf, page 1>
Package pdftex.def Info: ./svg-inkscape/suscept_fss_Metropolis_svg-tex.pdf , pa
ge1 used on input line 56.
(pdftex.def)             Requested size: 245.00687pt x 180.57811pt.
) [33

 <./svg-inkscape/suscept_fss_Metropolis_svg-tex.pdf>]
Package svg Info: Last page of `./svg-inkscape/suscept_fss_Glauber_svg-tex.pdf'
 is 1 on input line 345.

(./svg-inkscape/suscept_fss_Glauber_svg-tex.pdf_tex
<./svg-inkscape/suscept_fss_Glauber_svg-tex.pdf, id=1512, page=1, 311.23123pt x
 229.3799pt>
File: ./svg-inkscape/suscept_fss_Glauber_svg-tex.pdf Graphic file (type pdf)
<use ./svg-inkscape/suscept_fss_Glauber_svg-tex.pdf, page 1>
Package pdftex.def Info: ./svg-inkscape/suscept_fss_Glauber_svg-tex.pdf , page1
 used on input line 56.
(pdftex.def)             Requested size: 257.57402pt x 189.83923pt.
) [34

 <./svg-inkscape/suscept_fss_Glauber_svg-tex.pdf>]
Package svg Info: Last page of `./svg-inkscape/suscept_fss_Wolff_svg-tex.pdf' i
s 1 on input line 345.
 (./svg-inkscape/suscept_fss_Wolff_svg-tex.pdf_tex
<./svg-inkscape/suscept_fss_Wolff_svg-tex.pdf, id=1591, page=1, 305.44963pt x 2
29.3799pt>
File: ./svg-inkscape/suscept_fss_Wolff_svg-tex.pdf Graphic file (type pdf)
<use ./svg-inkscape/suscept_fss_Wolff_svg-tex.pdf, page 1>
Package pdftex.def Info: ./svg-inkscape/suscept_fss_Wolff_svg-tex.pdf , page1 u
sed on input line 56.
(pdftex.def)             Requested size: 252.79791pt x 189.84624pt.
)
[35

 <./svg-inkscape/suscept_fss_Wolff_svg-tex.pdf>]
Package svg Info: Last page of `./svg-inkscape/xi_vs_T_Metropolis_svg-tex.pdf' 
is 1 on input line 351.

(./svg-inkscape/xi_vs_T_Metropolis_svg-tex.pdf_tex
<./svg-inkscape/xi_vs_T_Metropolis_svg-tex.pdf, id=1669, page=1, 312.57025pt x 
234.98462pt>
File: ./svg-inkscape/xi_vs_T_Metropolis_svg-tex.pdf Graphic file (type pdf)
<use ./svg-inkscape/xi_vs_T_Metropolis_svg-tex.pdf, page 1>
Package pdftex.def Info: ./svg-inkscape/xi_vs_T_Metropolis_svg-tex.pdf , page1 
used on input line 56.
(pdftex.def)             Requested size: 240.19104pt x 180.57297pt.
) [36

 <./svg-inkscape/xi_vs_T_Metropolis_svg-tex.pdf>]
Package svg Info: Last page of `./svg-inkscape/xi_vs_T_Glauber_svg-tex.pdf' is 
1 on input line 351.
 (./svg-inkscape/xi_vs_T_Glauber_svg-tex.pdf_tex
<./svg-inkscape/xi_vs_T_Glauber_svg-tex.pdf, id=1742, page=1, 312.57025pt x 234
.98462pt>
File: ./svg-inkscape/xi_vs_T_Glauber_svg-tex.pdf Graphic file (type pdf)
<use ./svg-inkscape/xi_vs_T_Glauber_svg-tex.pdf, page 1>
Package pdftex.def Info: ./svg-inkscape/xi_vs_T_Glauber_svg-tex.pdf , page1 use
d on input line 56.
(pdftex.def)             Requested size: 252.51117pt x 189.8345pt.
)
[37

 <./svg-inkscape/xi_vs_T_Glauber_svg-tex.pdf>]
Package svg Info: Last page of `./svg-inkscape/xi_vs_T_Wolff_svg-tex.pdf' is 1 
on input line 351.

(./svg-inkscape/xi_vs_T_Wolff_svg-tex.pdf_tex
<./svg-inkscape/xi_vs_T_Wolff_svg-tex.pdf, id=1815, page=1, 312.51662pt x 234.9
8462pt>
File: ./svg-inkscape/xi_vs_T_Wolff_svg-tex.pdf Graphic file (type pdf)
<use ./svg-inkscape/xi_vs_T_Wolff_svg-tex.pdf, page 1>
Package pdftex.def Info: ./svg-inkscape/xi_vs_T_Wolff_svg-tex.pdf , page1 used 
on input line 56.
(pdftex.def)             Requested size: 252.47063pt x 189.8345pt.
) [38

 <./svg-inkscape/xi_vs_T_Wolff_svg-tex.pdf>]
Package svg Info: Last page of `./svg-inkscape/xi_ratio_Metropolis_svg-tex.pdf'
 is 1 on input line 357.
 (./svg-inkscape/xi_ratio_Metropolis_svg-tex.pdf_tex
<./svg-inkscape/xi_ratio_Metropolis_svg-tex.pdf, id=1900, page=1, 312.39241pt x
 234.98462pt>
File: ./svg-inkscape/xi_ratio_Metropolis_svg-tex.pdf Graphic file (type pdf)
<use ./svg-inkscape/xi_ratio_Metropolis_svg-tex.pdf, page 1>
Package pdftex.def Info: ./svg-inkscape/xi_ratio_Metropolis_svg-tex.pdf , page1
 used on input line 56.
(pdftex.def)             Requested size: 240.03674pt x 180.55504pt.
) [39

 <./svg-inkscape/xi_ratio_Metropolis_svg-tex.pdf>]
Package svg Info: Last page of `./svg-inkscape/xi_ratio_Glauber_svg-tex.pdf' is
 1 on input line 357.

(./svg-inkscape/xi_ratio_Glauber_svg-tex.pdf_tex
<./svg-inkscape/xi_ratio_Glauber_svg-tex.pdf, id=1981, page=1, 312.39241pt x 23
4.98462pt>
File: ./svg-inkscape/xi_ratio_Glauber_svg-tex.pdf Graphic file (type pdf)
<use ./svg-inkscape/xi_ratio_Glauber_svg-tex.pdf, page 1>
Package pdftex.def Info: ./svg-inkscape/xi_ratio_Glauber_svg-tex.pdf , page1 us
ed on input line 56.
(pdftex.def)             Requested size: 252.34897pt x 189.81657pt.
) [40

 <./svg-inkscape/xi_ratio_Glauber_svg-tex.pdf>]
Package svg Info: Last page of `./svg-inkscape/xi_ratio_Wolff_svg-tex.pdf' is 1
 on input line 357.
 (./svg-inkscape/xi_ratio_Wolff_svg-tex.pdf_tex
<./svg-inkscape/xi_ratio_Wolff_svg-tex.pdf, id=2063, page=1, 312.42628pt x 234.
98462pt>
File: ./svg-inkscape/xi_ratio_Wolff_svg-tex.pdf Graphic file (type pdf)
<use ./svg-inkscape/xi_ratio_Wolff_svg-tex.pdf, page 1>
Package pdftex.def Info: ./svg-inkscape/xi_ratio_Wolff_svg-tex.pdf , page1 used
 on input line 56.
(pdftex.def)             Requested size: 252.38953pt x 189.83092pt.
) [41

 <./svg-inkscape/xi_ratio_Wolff_svg-tex.pdf>]
Package svg Info: Last page of `./svg-inkscape/xi_scaling_svg-tex.pdf' is 1 on 
input line 367.

(./svg-inkscape/xi_scaling_svg-tex.pdf_tex
<./svg-inkscape/xi_scaling_svg-tex.pdf, id=2148, page=1, 995.56671pt x 274.1159
8pt>
File: ./svg-inkscape/xi_scaling_svg-tex.pdf Graphic file (type pdf)
<use ./svg-inkscape/xi_scaling_svg-tex.pdf, page 1>
Package pdftex.def Info: ./svg-inkscape/xi_scaling_svg-tex.pdf , page1 used on 
input line 56.
(pdftex.def)             Requested size: 378.42044pt x 104.19025pt.
) [42

 <./svg-inkscape/xi_scaling_svg-tex.pdf>]
Package svg Info: Last page of `./svg-inkscape/xi_fss_Metropolis_svg-tex.pdf' i
s 1 on input line 373.
 (./svg-inkscape/xi_fss_Metropolis_svg-tex.pdf_tex
<./svg-inkscape/xi_fss_Metropolis_svg-tex.pdf, id=2229, page=1, 312.39381pt x 2
29.3799pt>
File: ./svg-inkscape/xi_fss_Metropolis_svg-tex.pdf Graphic file (type pdf)
<use ./svg-inkscape/xi_fss_Metropolis_svg-tex.pdf, page 1>
Package pdftex.def Info: ./svg-inkscape/xi_fss_Metropolis_svg-tex.pdf , page1 u
sed on input line 56.
(pdftex.def)             Requested size: 245.90225pt x 180.5571pt.
) [43

 <./svg-inkscape/xi_fss_Metropolis_svg-tex.pdf>]
Package svg Info: Last page of `./svg-inkscape/xi_fss_Glauber_svg-tex.pdf' is 1
 on input line 373.

(./svg-inkscape/xi_fss_Glauber_svg-tex.pdf_tex
<./svg-inkscape/xi_fss_Glauber_svg-tex.pdf, id=2318, page=1, 312.39381pt x 229.
3799pt>
File: ./svg-inkscape/xi_fss_Glauber_svg-tex.pdf Graphic file (type pdf)
<use ./svg-inkscape/xi_fss_Glauber_svg-tex.pdf, page 1>
Package pdftex.def Info: ./svg-inkscape/xi_fss_Glauber_svg-tex.pdf , page1 used
 on input line 56.
(pdftex.def)             Requested size: 258.51534pt x 189.82874pt.
) [44

 <./svg-inkscape/xi_fss_Glauber_svg-tex.pdf>]
Package svg Info: Last page of `./svg-inkscape/xi_fss_Wolff_svg-tex.pdf' is 1 o
n input line 373.
 (./svg-inkscape/xi_fss_Wolff_svg-tex.pdf_tex
<./svg-inkscape/xi_fss_Wolff_svg-tex.pdf, id=2405, page=1, 318.17543pt x 229.37
99pt>
File: ./svg-inkscape/xi_fss_Wolff_svg-tex.pdf Graphic file (type pdf)
<use ./svg-inkscape/xi_fss_Wolff_svg-tex.pdf, page 1>
Package pdftex.def Info: ./svg-inkscape/xi_fss_Wolff_svg-tex.pdf , page1 used o
n input line 56.
(pdftex.def)             Requested size: 263.332pt x 189.84973pt.
) [45

 <./svg-inkscape/xi_fss_Wolff_svg-tex.pdf>] [46

]
Package svg Info: Last page of `./svg-inkscape/tau_vs_T_Metropolis_svg-tex.pdf'
 is 1 on input line 383.

(./svg-inkscape/tau_vs_T_Metropolis_svg-tex.pdf_tex
<./svg-inkscape/tau_vs_T_Metropolis_svg-tex.pdf, id=2495, page=1, 314.99193pt x
 234.98462pt>
File: ./svg-inkscape/tau_vs_T_Metropolis_svg-tex.pdf Graphic file (type pdf)
<use ./svg-inkscape/tau_vs_T_Metropolis_svg-tex.pdf, page 1>
Package pdftex.def Info: ./svg-inkscape/tau_vs_T_Metropolis_svg-tex.pdf , page1
 used on input line 56.
(pdftex.def)             Requested size: 242.03967pt x 180.5658pt.
) [47

 <./svg-inkscape/tau_vs_T_Metropolis_svg-tex.pdf>]
Package svg Info: Last page of `./svg-inkscape/tau_vs_T_Glauber_svg-tex.pdf' is
 1 on input line 383.
 (./svg-inkscape/tau_vs_T_Glauber_svg-tex.pdf_tex
<./svg-inkscape/tau_vs_T_Glauber_svg-tex.pdf, id=2570, page=1, 314.99193pt x 23
4.98462pt>
File: ./svg-inkscape/tau_vs_T_Glauber_svg-tex.pdf Graphic file (type pdf)
<use ./svg-inkscape/tau_vs_T_Glauber_svg-tex.pdf, page 1>
Package pdftex.def Info: ./svg-inkscape/tau_vs_T_Glauber_svg-tex.pdf , page1 us
ed on input line 56.
(pdftex.def)             Requested size: 254.45464pt x 189.82733pt.
)
[48

 <./svg-inkscape/tau_vs_T_Glauber_svg-tex.pdf>]
Package svg Info: Last page of `./svg-inkscape/tau_vs_T_Wolff_svg-tex.pdf' is 1
 on input line 383.

(./svg-inkscape/tau_vs_T_Wolff_svg-tex.pdf_tex
<./svg-inkscape/tau_vs_T_Wolff_svg-tex.pdf, id=2643, page=1, 315.0625pt x 234.9
8462pt>
File: ./svg-inkscape/tau_vs_T_Wolff_svg-tex.pdf Graphic file (type pdf)
<use ./svg-inkscape/tau_vs_T_Wolff_svg-tex.pdf, page 1>
Package pdftex.def Info: ./svg-inkscape/tau_vs_T_Wolff_svg-tex.pdf , page1 used
 on input line 56.
(pdftex.def)             Requested size: 254.53574pt x 189.84885pt.
) [49

 <./svg-inkscape/tau_vs_T_Wolff_svg-tex.pdf>]
Package svg Info: Last page of `./svg-inkscape/tau_scaling_svg-tex.pdf' is 1 on
 input line 401.
 (./svg-inkscape/tau_scaling_svg-tex.pdf_tex
<./svg-inkscape/tau_scaling_svg-tex.pdf, id=2722, page=1, 996.17274pt x 274.115
98pt>
File: ./svg-inkscape/tau_scaling_svg-tex.pdf Graphic file (type pdf)
<use ./svg-inkscape/tau_scaling_svg-tex.pdf, page 1>
Package pdftex.def Info: ./svg-inkscape/tau_scaling_svg-tex.pdf , page1 used on
 input line 56.
(pdftex.def)             Requested size: 378.42044pt x 104.1275pt.
) [50

 <./svg-inkscape/tau_scaling_svg-tex.pdf>] [51

] [52

] [53

]
\tf@nav=\write6
\openout6 = `main.nav'.

\tf@toc=\write7
\openout7 = `main.toc'.

\tf@snm=\write8
\openout8 = `main.snm'.

 (./main.aux
LaTeX Info: Redefining \. on input line 26.
LaTeX Info: Redefining \% on input line 26.
)
Package rerunfilecheck Info: File `main.out' has not changed.
(rerunfilecheck)             Checksum: A6264CE7475B37B1653748D18CB1791A;1033.
 ) 
Here is how much of TeX's memory you used:
 28446 strings out of 480185
 579380 string characters out of 5894213
 827066 words of memory out of 5000000
 45554 multiletter control sequences out of 15000+600000
 570206 words of font info for 94 fonts, out of 8000000 for 9000
 40 hyphenation exceptions out of 8191
 101i,13n,111p,1803b,778s stack positions out of 5000i,500n,10000p,200000b,80000s
{/usr/share/texmf/fonts/enc/dvips/lm/lm-mathit.enc}{/usr/share/texmf/fonts/en
c/dvips/lm/lm-mathsy.enc}{/usr/share/texmf/fonts/enc/dvips/lm/lm-ec.enc}{/usr/s
hare/texmf/fonts/enc/dvips/lm/lm-rm.enc}{/usr/share/texmf/fonts/enc/dvips/lm/lm
-ts1.enc}{/usr/share/texmf/fonts/enc/dvips/lm/lm-mathex.enc}</usr/share/texmf/f
onts/type1/public/lm/lmex10.pfb></usr/share/texmf/fonts/type1/public/lm/lmmi10.
pfb></usr/share/texmf/fonts/type1/public/lm/lmmi12.pfb></usr/share/texmf/fonts/
type1/public/lm/lmmi6.pfb></usr/share/texmf/fonts/type1/public/lm/lmmi7.pfb></u
sr/share/texmf/fonts/type1/public/lm/lmmi9.pfb></usr/share/texmf/fonts/type1/pu
blic/lm/lmss10.pfb></usr/share/texmf/fonts/type1/public/lm/lmss8.pfb></usr/shar
e/texmf/fonts/type1/public/lm/lmss9.pfb></usr/share/texmf/fonts/type1/public/lm
/lmssbo10.pfb></usr/share/texmf/fonts/type1/public/lm/lmssbx10.pfb></usr/share/
texmf/fonts/type1/public/lm/lmsso10.pfb></usr/share/texmf/fonts/type1/public/lm
/lmsso12.pfb></usr/share/texmf/fonts/type1/public/lm/lmsso8.pfb></usr/share/tex
mf/fonts/type1/public/lm/lmsso9.pfb></usr/share/texmf/fonts/type1/public/lm/lms
y10.pfb></usr/share/texmf/fonts/type1/public/lm/lmsy6.pfb></usr/share/texmf/fon
ts/type1/public/lm/lmsy7.pfb></usr/share/texmf/fonts/type1/public/lm/lmsy9.pfb>

Output written on main.pdf (53 pages, 1628569 bytes).
PDF statistics:
 2945 PDF objects out of 2984 (max. 8388607)
 1982 compressed objects within 20 object streams
 114 named destinations out of 1000 (max. 500000)
 419 words of extra memory for PDF output out of 10000 (max. 10000000)

