\BOOKMARK [0][-]{chapter.1}{\376\377\000I\000n\000t\000r\000o\000d\000u\000c\000c\000i\000\363\000n}{}% 1
\BOOKMARK [1][-]{section.1.1}{\376\377\000M\000o\000t\000i\000v\000a\000c\000i\000\363\000n}{chapter.1}% 2
\BOOKMARK [1][-]{section.1.2}{\376\377\000O\000b\000j\000e\000t\000i\000v\000o\000s}{chapter.1}% 3
\BOOKMARK [0][-]{chapter.2}{\376\377\000F\000u\000n\000d\000a\000m\000e\000n\000t\000o\000\040\000t\000e\000\363\000r\000i\000c\000o}{}% 4
\BOOKMARK [1][-]{section.2.1}{\376\377\000M\000o\000d\000e\000l\000o\000\040\000d\000e\000\040\000I\000s\000i\000n\000g}{chapter.2}% 5
\BOOKMARK [1][-]{section.2.2}{\376\377\000M\000e\000c\000\341\000n\000i\000c\000a\000\040\000e\000s\000t\000a\000d\000\355\000s\000t\000i\000c\000a}{chapter.2}% 6
\BOOKMARK [1][-]{section.2.3}{\376\377\000T\000r\000a\000n\000s\000i\000c\000i\000\363\000n\000\040\000d\000e\000\040\000f\000a\000s\000e\000,\000\040\000t\000e\000m\000p\000e\000r\000a\000t\000u\000r\000a\000\040\000c\000r\000\355\000t\000i\000c\000a\000\040\000y\000\040\000e\000x\000p\000o\000n\000e\000n\000t\000e\000s\000\040\000c\000r\000\355\000t\000i\000c\000o\000s}{chapter.2}% 7
\BOOKMARK [1][-]{section.2.4}{\376\377\000E\000s\000c\000a\000l\000a\000d\000o\000\040\000d\000e\000\040\000t\000a\000m\000a\000\361\000o\000\040\000f\000i\000n\000i\000t\000o}{chapter.2}% 8
\BOOKMARK [1][-]{section.2.5}{\376\377\000T\000i\000e\000m\000p\000o\000\040\000d\000e\000\040\000c\000o\000r\000r\000e\000l\000a\000c\000i\000\363\000n}{chapter.2}% 9
\BOOKMARK [0][-]{chapter.3}{\376\377\000M\000o\000d\000e\000l\000o\000\040\000y\000\040\000m\000\351\000t\000o\000d\000o\000s}{}% 10
\BOOKMARK [1][-]{section.3.1}{\376\377\000E\000l\000\040\000m\000o\000d\000e\000l\000o\000\040\000s\000i\000m\000u\000l\000a\000d\000o}{chapter.3}% 11
\BOOKMARK [1][-]{section.3.2}{\376\377\000D\000e\000f\000i\000n\000i\000c\000i\000\363\000n\000\040\000d\000e\000l\000\040\000p\000a\000s\000o\000\040\000M\000o\000n\000t\000e\000c\000a\000r\000l\000o}{chapter.3}% 12
\BOOKMARK [2][-]{subsection.3.2.1}{\376\377\000C\000o\000n\000d\000i\000c\000i\000o\000n\000e\000s\000\040\000d\000e\000\040\000c\000o\000n\000t\000o\000r\000n\000o}{section.3.2}% 13
\BOOKMARK [1][-]{section.3.3}{\376\377\000C\000o\000n\000f\000i\000g\000u\000r\000a\000c\000i\000\363\000n\000\040\000i\000n\000i\000c\000i\000a\000l\000\040\000y\000\040\000t\000e\000r\000m\000a\000l\000i\000z\000a\000c\000i\000\363\000n}{chapter.3}% 14
\BOOKMARK [1][-]{section.3.4}{\376\377\000V\000e\000c\000t\000o\000r\000\040\000d\000e\000\040\000t\000e\000m\000p\000e\000r\000a\000t\000u\000r\000a\000s}{chapter.3}% 15
\BOOKMARK [1][-]{section.3.5}{\376\377\000P\000a\000r\000\341\000m\000e\000t\000r\000o\000s\000\040\000d\000e\000\040\000l\000a\000\040\000s\000i\000m\000u\000l\000a\000c\000i\000\363\000n}{chapter.3}% 16
\BOOKMARK [1][-]{section.3.6}{\376\377\000M\000\351\000t\000o\000d\000o\000s\000\040\000d\000e\000\040\000M\000o\000n\000t\000e\000c\000a\000r\000l\000o}{chapter.3}% 17
\BOOKMARK [2][-]{subsection.3.6.1}{\376\377\000A\000l\000g\000o\000r\000i\000t\000m\000o\000\040\000d\000e\000\040\000M\000e\000t\000r\000o\000p\000o\000l\000i\000s}{section.3.6}% 18
\BOOKMARK [2][-]{subsection.3.6.2}{\376\377\000D\000i\000n\000\341\000m\000i\000c\000a\000\040\000d\000e\000\040\000G\000l\000a\000u\000b\000e\000r}{section.3.6}% 19
\BOOKMARK [2][-]{subsection.3.6.3}{\376\377\000A\000l\000g\000o\000r\000i\000t\000m\000o\000\040\000d\000e\000\040\000W\000o\000l\000f\000f}{section.3.6}% 20
\BOOKMARK [1][-]{section.3.7}{\376\377\000O\000b\000s\000e\000r\000v\000a\000b\000l\000e\000s\000\040\000m\000e\000d\000i\000d\000o\000s}{chapter.3}% 21
\BOOKMARK [1][-]{section.3.8}{\376\377\000A\000n\000\341\000l\000i\000s\000i\000s\000\040\000d\000e\000\040\000e\000s\000c\000a\000l\000a\000d\000o\000\040\000d\000e\000\040\000t\000a\000m\000a\000\361\000o\000\040\000f\000i\000n\000i\000t\000o}{chapter.3}% 22
\BOOKMARK [0][-]{chapter.4}{\376\377\000R\000e\000s\000u\000l\000t\000a\000d\000o\000s\000\040\000y\000\040\000d\000i\000s\000c\000u\000s\000i\000\363\000n}{}% 23
\BOOKMARK [1][-]{section.4.1}{\376\377\000C\000a\000p\000a\000c\000i\000d\000a\000d\000\040\000c\000a\000l\000o\000r\000\355\000f\000i\000c\000a\000\040\000y\000\040\000m\000a\000g\000n\000e\000t\000i\000z\000a\000c\000i\000\363\000n}{chapter.4}% 24
\BOOKMARK [1][-]{section.4.2}{\376\377\000C\000u\000m\000u\000l\000a\000n\000t\000e\000\040\000d\000e\000\040\000B\000i\000n\000d\000e\000r}{chapter.4}% 25
\BOOKMARK [1][-]{section.4.3}{\376\377\000S\000u\000s\000c\000e\000p\000t\000i\000b\000i\000l\000i\000d\000a\000d\000\040\000m\000a\000g\000n\000\351\000t\000i\000c\000a}{chapter.4}% 26
\BOOKMARK [1][-]{section.4.4}{\376\377\000E\000s\000c\000a\000l\000a\000d\000o\000\040\000d\000e\000\040\000t\000a\000m\000a\000\361\000o\000\040\000f\000i\000n\000i\000t\000o\000\040\000d\000e\000\040\000l\000a\000\040\000s\000u\000s\000c\000e\000p\000t\000i\000b\000i\000l\000i\000d\000a\000d}{chapter.4}% 27
\BOOKMARK [1][-]{section.4.5}{\376\377\000L\000o\000n\000g\000i\000t\000u\000d\000\040\000d\000e\000\040\000c\000o\000r\000r\000e\000l\000a\000c\000i\000\363\000n}{chapter.4}% 28
\BOOKMARK [2][-]{subsection.4.5.1}{\376\377\000C\000o\000l\000a\000p\000s\000o\000\040\000d\000e\000\040\000d\000a\000t\000o\000s\000\040\000d\000e\000\040\000l\000a\000\040\000l\000o\000n\000g\000i\000t\000u\000d\000\040\000d\000e\000\040\000c\000o\000r\000r\000e\000l\000a\000c\000i\000\363\000n}{section.4.5}% 29
\BOOKMARK [1][-]{section.4.6}{\376\377\000T\000i\000e\000m\000p\000o\000\040\000d\000e\000\040\000a\000u\000t\000o\000c\000o\000r\000r\000e\000l\000a\000c\000i\000\363\000n}{chapter.4}% 30
\BOOKMARK [0][-]{chapter.5}{\376\377\000C\000o\000n\000c\000l\000u\000s\000i\000o\000n\000e\000s}{}% 31
